jit_device_set(device=0, stream=0): creating stream
jit_trace_append(1): mov.u32 $r0, $i
jit_var_inc_ref_ext(1): 1
jit_var_inc_ref_int(1): 1
jit_trace_append(2 <- 1): cvt.$t0.$t1 $r0, $r1
jit_var_inc_ref_ext(2): 1
jit_var_dec_ref_ext(1): 0
jit_var_set_label(2): "l"
jit_trace_append(3): mov.$t0 $r0, 0x00000001
jit_var_inc_ref_ext(3): 1
jit_var_inc_ref_int(2): 1
jit_var_inc_ref_int(3): 1
jit_trace_append(4 <- 2, 3): and.$b0 $r0, $r1, $r2
jit_var_inc_ref_ext(4): 1
jit_trace_append(5): mov.$t0 $r0, 0x00000000
jit_var_inc_ref_ext(5): 1
jit_var_inc_ref_int(4): 1
jit_var_inc_ref_int(5): 1
jit_trace_append(6 <- 4, 5): setp.ne.$t1 $r0, $r1, $r2
jit_var_inc_ref_ext(6): 1
jit_var_dec_ref_ext(5): 0
jit_var_dec_ref_ext(4): 0
jit_var_dec_ref_ext(3): 0
jit_var_set_label(6): "result"
jit_trace_append(7): mov.u32 $r0, $i
jit_var_inc_ref_ext(7): 1
jit_var_inc_ref_int(7): 1
jit_trace_append(8 <- 7): cvt.$t0.$t1 $r0, $r1
jit_var_inc_ref_ext(8): 1
jit_var_dec_ref_ext(7): 0
jit_var_set_label(8): "l2"
jit_trace_append(9): mov.$t0 $r0, 0x00000002
jit_var_inc_ref_ext(9): 1
jit_var_inc_ref_int(8): 1
jit_var_inc_ref_int(9): 1
jit_trace_append(10 <- 8, 9): mul.lo.$t0 $r0, $r1, $r2
jit_var_inc_ref_ext(10): 1
jit_eval(): begin (parallel dispatch to 3 streams).
jit_assemble(size=1022): register map:
   - %r4 -> 1
   - %r5 -> 2 "l" [out]
jit_malloc(type=device, device=0, size=4096): <@> (new allocation)
   - %r6 -> 3 [scalar]
   - %r7 -> 4
   - %r8 -> 5 [scalar]
   - %p9 -> 6 "result" [out]
jit_malloc(type=device, device=0, size=1024): <@> (new allocation)
jit_run(): launching kernel (n=1022, in=0, out=2, ops=10) ..
.version 6.3
.address_size 64
.entry enoki_@@@@@@@@@@@@@@@@(.param .u32 size,
                              .param .u64 arg0,
                              .param .u64 arg1) {
    .reg.b8 %b<10>;
    .reg.b16 %w<10>;
    .reg.b32 %r<10>;
    .reg.b64 %rd<10>;
    .reg.f32 %f<10>;
    .reg.f64 %d<10>;
    .reg.pred %p<10>;

    // Grid-stride loop setup
    mov.u32 %r0, %ctaid.x;
    mov.u32 %r1, %ntid.x;
    mov.u32 %r2, %tid.x;
    mad.lo.u32 %r0, %r0, %r1, %r2;
    ld.param.u32 %r2, [size];
    setp.ge.u32 %p0, %r0, %r2;
    @%p0 bra L0;

    mov.u32 %r3, %nctaid.x;
    mul.lo.u32 %r1, %r3, %r1;

L1: // Loop body

    // Evaluate %r4
    mov.u32 %r4, %r0;

    // Evaluate %r5: l
    cvt.s32.u32 %r5, %r4;

    // Store %r5: l
    ld.param.u64 %rd0, [arg0];
    mul.wide.u32 %rd1, %r0, 4;
    add.u64 %rd0, %rd0, %rd1;
    st.global.cs.s32 [%rd0], %r5;

    // Evaluate %r6
    mov.s32 %r6, 0x00000001;

    // Evaluate %r7
    and.b32 %r7, %r5, %r6;

    // Evaluate %r8
    mov.s32 %r8, 0x00000000;

    // Evaluate %p9: result
    setp.ne.s32 %p9, %r7, %r8;

    // Store %p9: result
    ld.param.u64 %rd0, [arg1];
    mul.wide.u32 %rd1, %r0, 1;
    add.u64 %rd0, %rd0, %rd1;
    selp.u16 %w0, 1, 0, %p9;
    st.global.cs.u8 [%rd0], %w0;

    add.u32 %r0, %r0, %r1;
    setp.ge.u32 %p0, %r0, %r2;
    @!%p0 bra L1;

L0:
    ret;
}
jit_device_set(device=0, stream=1): creating stream
jit_assemble(size=510): register map:
   - %r4 -> 7
   - %r5 -> 8 "l2" [out]
jit_malloc(type=device, device=0, size=2048): <@> (new allocation)
   - %r6 -> 9 [scalar]
   - %r7 -> 10 [out]
jit_malloc(type=device, device=0, size=2048): <@> (new allocation)
jit_run(): launching kernel (n=510, in=0, out=2, ops=8) ..
.version 6.3
.address_size 64
.entry enoki_@@@@@@@@@@@@@@@@(.param .u32 size,
                              .param .u64 arg0,
                              .param .u64 arg1) {
    .reg.b8 %b<8>;
    .reg.b16 %w<8>;
    .reg.b32 %r<8>;
    .reg.b64 %rd<8>;
    .reg.f32 %f<8>;
    .reg.f64 %d<8>;
    .reg.pred %p<8>;

    // Grid-stride loop setup
    mov.u32 %r0, %ctaid.x;
    mov.u32 %r1, %ntid.x;
    mov.u32 %r2, %tid.x;
    mad.lo.u32 %r0, %r0, %r1, %r2;
    ld.param.u32 %r2, [size];
    setp.ge.u32 %p0, %r0, %r2;
    @%p0 bra L0;

    mov.u32 %r3, %nctaid.x;
    mul.lo.u32 %r1, %r3, %r1;

L1: // Loop body

    // Evaluate %r4
    mov.u32 %r4, %r0;

    // Evaluate %r5: l2
    cvt.s32.u32 %r5, %r4;

    // Store %r5: l2
    ld.param.u64 %rd0, [arg0];
    mul.wide.u32 %rd1, %r0, 4;
    add.u64 %rd0, %rd0, %rd1;
    st.global.cs.s32 [%rd0], %r5;

    // Evaluate %r6
    mov.s32 %r6, 0x00000002;

    // Evaluate %r7
    mul.lo.s32 %r7, %r5, %r6;

    // Store %r7
    ld.param.u64 %rd0, [arg1];
    mul.wide.u32 %rd1, %r0, 4;
    add.u64 %rd0, %rd0, %rd1;
    st.global.cs.s32 [%rd0], %r7;

    add.u32 %r0, %r0, %r1;
    setp.ge.u32 %p0, %r0, %r2;
    @!%p0 bra L1;

L0:
    ret;
}
jit_device_set(device=0, stream=2): creating stream
jit_assemble(size=1): register map:
   - %r4 -> 9 [scalar] [out]
jit_malloc(type=device, device=0, size=64): <@> (new allocation)
jit_run(): launching kernel (n=1, in=0, out=1, ops=5) ..
.version 6.3
.address_size 64
.entry enoki_@@@@@@@@@@@@@@@@(.param .u32 size,
                              .param .u64 arg0) {
    .reg.b8 %b<5>;
    .reg.b16 %w<5>;
    .reg.b32 %r<5>;
    .reg.b64 %rd<5>;
    .reg.f32 %f<5>;
    .reg.f64 %d<5>;
    .reg.pred %p<5>;

    // Grid-stride loop setup
    mov.u32 %r0, %ctaid.x;
    mov.u32 %r1, %ntid.x;
    mov.u32 %r2, %tid.x;
    mad.lo.u32 %r0, %r0, %r1, %r2;
    ld.param.u32 %r2, [size];
    setp.ge.u32 %p0, %r0, %r2;
    @%p0 bra L0;

    mov.u32 %r3, %nctaid.x;
    mul.lo.u32 %r1, %r3, %r1;

L1: // Loop body

    // Evaluate %r4
    mov.s32 %r4, 0x00000002;

    // Store %r4
    ld.param.u64 %rd0, [arg0];
    mul.wide.u32 %rd1, %r0, 4;
    add.u64 %rd0, %rd0, %rd1;
    st.global.cs.s32 [%rd0], %r4;

    add.u32 %r0, %r0, %r1;
    setp.ge.u32 %p0, %r0, %r2;
    @!%p0 bra L1;

L0:
    ret;
}
jit_device_set(device=0, stream=3): creating stream
jit_device_set(device=0, stream=0): selecting stream
jit_eval(): cleaning up..
jit_var_dec_ref_int(1): 0
jit_var_free(1)
jit_var_dec_ref_int(2): 0
jit_var_dec_ref_int(3): 0
jit_var_free(3)
jit_var_dec_ref_int(4): 0
jit_var_free(4)
jit_var_dec_ref_int(5): 0
jit_var_free(5)
jit_var_dec_ref_int(7): 0
jit_var_free(7)
jit_var_dec_ref_int(8): 0
jit_var_dec_ref_int(9): 0
jit_eval(): done.
jit_var_inc_ref_int(10): 1
jit_trace_append(11 <- 10): cvt.$t0.$t1 $r0, $r1
jit_var_inc_ref_ext(11): 1
jit_var_copy_ptr(12): <@>
jit_var_inc_ref_ext(12): 1
jit_var_inc_ref_int(11): 1
jit_var_inc_ref_int(12): 1
jit_trace_append(13 <- 11, 12): add.$t0 $r0, $r1, $r2
jit_var_inc_ref_ext(13): 1
jit_var_inc_ref_int(13): 1
jit_trace_append(14 <- 13): ld.global.nc.u8 %w0, [$r1]$nsetp.ne.u16 $r0, %w0, 0
jit_var_inc_ref_ext(14): 1
jit_trace_append(15): mov.$t0 $r0, 0
jit_var_inc_ref_ext(15): 1
jit_var_inc_ref_int(14): 1
jit_var_inc_ref_int(15): 1
jit_trace_append(16 <- 14, 15): xor.$t1 $r0, $r1, $r2
jit_var_inc_ref_ext(16): 1
jit_var_dec_ref_ext(15): 0
jit_var_dec_ref_ext(14): 0
jit_var_dec_ref_ext(13): 0
jit_var_dec_ref_ext(12): 0
jit_var_dec_ref_ext(11): 0
jit_var_set_extra_dep(16, 6)
jit_var_inc_ref_ext(6): 2
jit_var_dec_ref_ext(10): 0
jit_var_dec_ref_ext(9): 0
jit_var_free(9)
jit_free(<@>, type=device, device=0, size=64)
jit_var_set_label(16): "even"
jit_trace_append(17): mov.$t0 $r0, 0x00000002
jit_var_inc_ref_ext(17): 1
jit_var_inc_ref_int(8): 1
jit_var_inc_ref_int(17): 1
jit_trace_append(18 <- 8, 17): mul.lo.$t0 $r0, $r1, $r2
jit_var_inc_ref_ext(18): 1
jit_trace_append(19): mov.$t0 $r0, 0x00000001
jit_var_inc_ref_ext(19): 1
jit_var_inc_ref_int(18): 1
jit_var_inc_ref_int(19): 1
jit_trace_append(20 <- 18, 19): add.$t0 $r0, $r1, $r2
jit_var_inc_ref_ext(20): 1
jit_var_inc_ref_int(20): 1
jit_trace_append(21 <- 20): cvt.$t0.$t1 $r0, $r1
jit_var_inc_ref_ext(21): 1
jit_var_inc_ref_ext(12): 1
jit_var_inc_ref_int(21): 1
jit_var_inc_ref_int(12): 2
jit_trace_append(22 <- 21, 12): add.$t0 $r0, $r1, $r2
jit_var_inc_ref_ext(22): 1
jit_var_inc_ref_int(22): 1
jit_trace_append(23 <- 22): ld.global.nc.u8 %w0, [$r1]$nsetp.ne.u16 $r0, %w0, 0
jit_var_inc_ref_ext(23): 1
jit_trace_append(15): mov.$t0 $r0, 0 (reused)
jit_var_inc_ref_ext(15): 1
jit_var_inc_ref_int(23): 1
jit_var_inc_ref_int(15): 2
jit_trace_append(24 <- 23, 15): xor.$t1 $r0, $r1, $r2
jit_var_inc_ref_ext(24): 1
jit_var_dec_ref_ext(15): 0
jit_var_dec_ref_ext(23): 0
jit_var_dec_ref_ext(22): 0
jit_var_dec_ref_ext(12): 0
jit_var_dec_ref_ext(21): 0
jit_var_set_extra_dep(24, 6)
jit_var_inc_ref_ext(6): 3
jit_var_dec_ref_ext(20): 0
jit_var_dec_ref_ext(19): 0
jit_var_dec_ref_ext(18): 0
jit_var_dec_ref_ext(17): 0
jit_var_set_label(24): "odd"
Mask  : [0, 1, 0, 1, 0, .. 1012 skipped .., 1, 0, 1, 0, 1]
jit_eval(): begin.
jit_assemble(size=510): register map:
   - %r4 -> 10 [in]
   - %rd5 -> 11
   - %rd6 -> 12 [scalar] [in]
   - %rd7 -> 13
   - %p8 -> 14
   - %p9 -> 15 [scalar]
   - %p10 -> 16 "even" [out]
jit_malloc(type=device, device=0, size=512): <@> (new allocation)
   - %r11 -> 8 "l2" [in]
   - %r12 -> 17 [scalar]
   - %r13 -> 18
   - %r14 -> 19 [scalar]
   - %r15 -> 20
   - %rd16 -> 21
   - %rd17 -> 22
   - %p18 -> 23
   - %p19 -> 24 "odd" [out]
jit_malloc(type=device, device=0, size=512): <@> (new allocation)
jit_run(): launching kernel (n=510, in=3, out=2, ops=20) ..
.version 6.3
.address_size 64
.entry enoki_@@@@@@@@@@@@@@@@(.param .u32 size,
                              .param .u64 arg0,
                              .param .u64 arg1,
                              .param .u64 arg2,
                              .param .u64 arg3,
                              .param .u64 arg4) {
    .reg.b8 %b<20>;
    .reg.b16 %w<20>;
    .reg.b32 %r<20>;
    .reg.b64 %rd<20>;
    .reg.f32 %f<20>;
    .reg.f64 %d<20>;
    .reg.pred %p<20>;

    // Grid-stride loop setup
    mov.u32 %r0, %ctaid.x;
    mov.u32 %r1, %ntid.x;
    mov.u32 %r2, %tid.x;
    mad.lo.u32 %r0, %r0, %r1, %r2;
    ld.param.u32 %r2, [size];
    setp.ge.u32 %p0, %r0, %r2;
    @%p0 bra L0;

    mov.u32 %r3, %nctaid.x;
    mul.lo.u32 %r1, %r3, %r1;

L1: // Loop body

    // Load %r4
    ld.param.u64 %rd0, [arg0];
    mul.wide.u32 %rd1, %r0, 4;
    add.u64 %rd0, %rd0, %rd1;
    ld.global.cs.s32 %r4, [%rd0];

    // Evaluate %rd5
    cvt.s64.s32 %rd5, %r4;

    // Load %rd6
    ld.param.u64 %rd6, [arg1];

    // Evaluate %rd7
    add.u64 %rd7, %rd5, %rd6;

    // Evaluate %p8
    ld.global.nc.u8 %w0, [%rd7];
    setp.ne.u16 %p8, %w0, 0;

    // Evaluate %p9
    mov.pred %p9, 0;

    // Evaluate %p10: even
    xor.pred %p10, %p8, %p9;

    // Store %p10: even
    ld.param.u64 %rd0, [arg2];
    mul.wide.u32 %rd1, %r0, 1;
    add.u64 %rd0, %rd0, %rd1;
    selp.u16 %w0, 1, 0, %p10;
    st.global.cs.u8 [%rd0], %w0;

    // Load %r11: l2
    ld.param.u64 %rd0, [arg3];
    mul.wide.u32 %rd1, %r0, 4;
    add.u64 %rd0, %rd0, %rd1;
    ld.global.cs.s32 %r11, [%rd0];

    // Evaluate %r12
    mov.s32 %r12, 0x00000002;

    // Evaluate %r13
    mul.lo.s32 %r13, %r11, %r12;

    // Evaluate %r14
    mov.s32 %r14, 0x00000001;

    // Evaluate %r15
    add.s32 %r15, %r13, %r14;

    // Evaluate %rd16
    cvt.s64.s32 %rd16, %r15;

    // Evaluate %rd17
    add.u64 %rd17, %rd16, %rd6;

    // Evaluate %p18
    ld.global.nc.u8 %w0, [%rd17];
    setp.ne.u16 %p18, %w0, 0;

    // Evaluate %p19: odd
    xor.pred %p19, %p18, %p9;

    // Store %p19: odd
    ld.param.u64 %rd0, [arg4];
    mul.wide.u32 %rd1, %r0, 1;
    add.u64 %rd0, %rd0, %rd1;
    selp.u16 %w0, 1, 0, %p19;
    st.global.cs.u8 [%rd0], %w0;

    add.u32 %r0, %r0, %r1;
    setp.ge.u32 %p0, %r0, %r2;
    @!%p0 bra L1;

L0:
    ret;
}
jit_eval(): cleaning up..
jit_var_dec_ref_int(10): 0
jit_var_free(10)
jit_free(<@>, type=device, device=0, size=2048)
jit_var_dec_ref_int(11): 0
jit_var_free(11)
jit_var_dec_ref_int(12): 1
jit_var_dec_ref_int(13): 0
jit_var_free(13)
jit_var_dec_ref_int(14): 0
jit_var_free(14)
jit_var_dec_ref_int(15): 1
jit_var_dec_ref_ext(6): 2
jit_var_dec_ref_int(8): 0
jit_var_dec_ref_int(17): 0
jit_var_free(17)
jit_var_dec_ref_int(18): 0
jit_var_free(18)
jit_var_dec_ref_int(19): 0
jit_var_free(19)
jit_var_dec_ref_int(20): 0
jit_var_free(20)
jit_var_dec_ref_int(21): 0
jit_var_free(21)
jit_var_dec_ref_int(12): 0
jit_var_free(12)
jit_var_dec_ref_int(22): 0
jit_var_free(22)
jit_var_dec_ref_int(23): 0
jit_var_free(23)
jit_var_dec_ref_int(15): 0
jit_var_free(15)
jit_var_dec_ref_ext(6): 1
jit_free_flush(): scheduling 2 deallocations
jit_eval(): done.
Even  : [0, 0, 0, 0, 0, .. 500 skipped .., 0, 0, 0, 0, 0]
Odd   : [1, 1, 1, 1, 1, .. 500 skipped .., 1, 1, 1, 1, 1]
jit_trace_append(25): mov.$t0 $r0, 0x00000002
jit_var_inc_ref_ext(25): 1
jit_var_inc_ref_int(8): 1
jit_var_inc_ref_int(25): 1
jit_trace_append(26 <- 8, 25): mul.lo.$t0 $r0, $r1, $r2
jit_var_inc_ref_ext(26): 1
jit_var_inc_ref_int(26): 1
jit_trace_append(27 <- 26): cvt.$t0.$t1 $r0, $r1
jit_var_inc_ref_ext(27): 1
jit_var_copy_ptr(28): <@>
jit_var_inc_ref_ext(28): 1
jit_var_inc_ref_int(27): 1
jit_var_inc_ref_int(28): 1
jit_trace_append(29 <- 27, 28): add.$t0 $r0, $r1, $r2
jit_var_inc_ref_ext(29): 1
jit_var_inc_ref_int(29): 1
jit_var_inc_ref_int(24): 1
jit_trace_append(30 <- 29, 24): selp.u16 %w0, 1, 0, $r2$nst.global.u8 [$r1], %w0
jit_var_inc_ref_ext(30): 1
jit_var_inc_ref_ext(30): 2
jit_var_mark_side_effect(30)
jit_var_dec_ref_ext(29): 0
jit_var_dec_ref_ext(28): 0
jit_var_dec_ref_ext(27): 0
jit_var_set_extra_dep(30, 6)
jit_var_inc_ref_ext(6): 2
jit_var_mark_dirty(6)
jit_var_dec_ref_ext(30): 1
jit_var_dec_ref_ext(26): 0
jit_var_dec_ref_ext(25): 0
jit_trace_append(25): mov.$t0 $r0, 0x00000002 (reused)
jit_var_inc_ref_ext(25): 1
jit_var_inc_ref_int(8): 2
jit_var_inc_ref_int(25): 2
jit_var_dec_ref_int(8): 1
jit_var_dec_ref_int(25): 1
jit_trace_append(26 <- 8, 25): mul.lo.$t0 $r0, $r1, $r2 (reused)
jit_var_inc_ref_ext(26): 1
jit_trace_append(31): mov.$t0 $r0, 0x00000001
jit_var_inc_ref_ext(31): 1
jit_var_inc_ref_int(26): 2
jit_var_inc_ref_int(31): 1
jit_trace_append(32 <- 26, 31): add.$t0 $r0, $r1, $r2
jit_var_inc_ref_ext(32): 1
jit_var_inc_ref_int(32): 1
jit_trace_append(33 <- 32): cvt.$t0.$t1 $r0, $r1
jit_var_inc_ref_ext(33): 1
jit_var_inc_ref_ext(28): 1
jit_var_inc_ref_int(33): 1
jit_var_inc_ref_int(28): 2
jit_trace_append(34 <- 33, 28): add.$t0 $r0, $r1, $r2
jit_var_inc_ref_ext(34): 1
jit_var_inc_ref_int(34): 1
jit_var_inc_ref_int(16): 1
jit_trace_append(35 <- 34, 16): selp.u16 %w0, 1, 0, $r2$nst.global.u8 [$r1], %w0
jit_var_inc_ref_ext(35): 1
jit_var_inc_ref_ext(35): 2
jit_var_mark_side_effect(35)
jit_var_dec_ref_ext(34): 0
jit_var_dec_ref_ext(28): 0
jit_var_dec_ref_ext(33): 0
jit_var_set_extra_dep(35, 6)
jit_var_inc_ref_ext(6): 3
jit_var_mark_dirty(6)
jit_var_dec_ref_ext(35): 1
jit_var_dec_ref_ext(32): 0
jit_var_dec_ref_ext(31): 0
jit_var_dec_ref_ext(26): 0
jit_var_dec_ref_ext(25): 0
jit_eval(): begin.
jit_assemble(size=510): register map:
   - %r4 -> 8 "l2" [in]
   - %r5 -> 25 [scalar]
   - %r6 -> 26
   - %rd7 -> 27
   - %rd8 -> 28 [scalar] [in]
   - %rd9 -> 29
   - %p10 -> 24 "odd" [in]
   - 11 -> 30 [se]
   - %r12 -> 31 [scalar]
   - %r13 -> 32
   - %rd14 -> 33
   - %rd15 -> 34
   - %p16 -> 16 "even" [in]
   - 17 -> 35 [se]
jit_run(): launching kernel (n=510, in=4, out=0, ops=18) ..
.version 6.3
.address_size 64
.entry enoki_@@@@@@@@@@@@@@@@(.param .u32 size,
                              .param .u64 arg0,
                              .param .u64 arg1,
                              .param .u64 arg2,
                              .param .u64 arg3) {
    .reg.b8 %b<18>;
    .reg.b16 %w<18>;
    .reg.b32 %r<18>;
    .reg.b64 %rd<18>;
    .reg.f32 %f<18>;
    .reg.f64 %d<18>;
    .reg.pred %p<18>;

    // Grid-stride loop setup
    mov.u32 %r0, %ctaid.x;
    mov.u32 %r1, %ntid.x;
    mov.u32 %r2, %tid.x;
    mad.lo.u32 %r0, %r0, %r1, %r2;
    ld.param.u32 %r2, [size];
    setp.ge.u32 %p0, %r0, %r2;
    @%p0 bra L0;

    mov.u32 %r3, %nctaid.x;
    mul.lo.u32 %r1, %r3, %r1;

L1: // Loop body

    // Load %r4: l2
    ld.param.u64 %rd0, [arg0];
    mul.wide.u32 %rd1, %r0, 4;
    add.u64 %rd0, %rd0, %rd1;
    ld.global.cs.s32 %r4, [%rd0];

    // Evaluate %r5
    mov.s32 %r5, 0x00000002;

    // Evaluate %r6
    mul.lo.s32 %r6, %r4, %r5;

    // Evaluate %rd7
    cvt.s64.s32 %rd7, %r6;

    // Load %rd8
    ld.param.u64 %rd8, [arg1];

    // Evaluate %rd9
    add.u64 %rd9, %rd7, %rd8;

    // Load %p10: odd
    ld.param.u64 %rd0, [arg2];
    mul.wide.u32 %rd1, %r0, 1;
    add.u64 %rd0, %rd0, %rd1;
    ld.global.cs.u8 %w0, [%rd0];
    setp.ne.u16 %p10, %w0, 0;

    // Evaluate 11
    selp.u16 %w0, 1, 0, %p10;
    st.global.u8 [%rd9], %w0;

    // Evaluate %r12
    mov.s32 %r12, 0x00000001;

    // Evaluate %r13
    add.s32 %r13, %r6, %r12;

    // Evaluate %rd14
    cvt.s64.s32 %rd14, %r13;

    // Evaluate %rd15
    add.u64 %rd15, %rd14, %rd8;

    // Load %p16: even
    ld.param.u64 %rd0, [arg3];
    mul.wide.u32 %rd1, %r0, 1;
    add.u64 %rd0, %rd0, %rd1;
    ld.global.cs.u8 %w0, [%rd0];
    setp.ne.u16 %p16, %w0, 0;

    // Evaluate 17
    selp.u16 %w0, 1, 0, %p16;
    st.global.u8 [%rd15], %w0;

    add.u32 %r0, %r0, %r1;
    setp.ge.u32 %p0, %r0, %r2;
    @!%p0 bra L1;

L0:
    ret;
}
jit_eval(): cleaning up..
jit_var_dec_ref_int(8): 0
jit_var_dec_ref_int(25): 0
jit_var_free(25)
jit_var_dec_ref_int(26): 1
jit_var_dec_ref_int(27): 0
jit_var_free(27)
jit_var_dec_ref_int(28): 1
jit_var_dec_ref_int(29): 0
jit_var_free(29)
jit_var_dec_ref_int(24): 0
jit_var_dec_ref_ext(6): 2
jit_var_dec_ref_ext(30): 0
jit_var_free(30)
jit_var_dec_ref_int(26): 0
jit_var_free(26)
jit_var_dec_ref_int(31): 0
jit_var_free(31)
jit_var_dec_ref_int(32): 0
jit_var_free(32)
jit_var_dec_ref_int(33): 0
jit_var_free(33)
jit_var_dec_ref_int(28): 0
jit_var_free(28)
jit_var_dec_ref_int(34): 0
jit_var_free(34)
jit_var_dec_ref_int(16): 0
jit_var_dec_ref_ext(6): 1
jit_var_dec_ref_ext(35): 0
jit_var_free(35)
jit_eval(): done.
Mask: [1, 0, 1, 0, 1, .. 1012 skipped .., 0, 1, 0, 0, 1]
jit_var_dec_ref_ext(24): 0
jit_var_free(24)
jit_free(<@>, type=device, device=0, size=512)
jit_var_dec_ref_ext(16): 0
jit_var_free(16)
jit_free(<@>, type=device, device=0, size=512)
jit_var_dec_ref_ext(8): 0
jit_var_free(8)
jit_free(<@>, type=device, device=0, size=2048)
jit_var_dec_ref_ext(6): 0
jit_var_free(6)
jit_free(<@>, type=device, device=0, size=1024)
jit_var_dec_ref_ext(2): 0
jit_var_free(2)
jit_free(<@>, type=device, device=0, size=4096)
jit_shutdown(): destroying streams ..
jit_free_flush(): scheduling 5 deallocations
jit_device_set(device=0, stream=3): selecting stream
jit_device_set(device=0, stream=1): selecting stream
jit_device_set(device=0, stream=2): selecting stream
jit_malloc_trim(): freed
 - device memory: 10.1 KiB in 7 allocations
jit_shutdown(): done
