jit_set_device(device=0, stream=0): creating stream
value=[0] vs 0
jit_run(): launching kernel (n=1, in=0, out=4, ops=8) ..
value=[3] vs 3
jit_run(): launching kernel (n=1, in=0, out=10, ops=20) ..
value=[36] vs 36
jit_run(): launching kernel (n=1, in=0, out=28, ops=56) ..
value=[351] vs 351
jit_run(): launching kernel (n=1, in=0, out=82, ops=164) ..
value=[3240] vs 3240
jit_run(): launching kernel (n=1, in=0, out=244, ops=488) ..
value=[29403] vs 29403
jit_run(): launching kernel (n=1, in=0, out=730, ops=1460) ..
value=[265356] vs 265356
jit_shutdown(): releasing 1 stream ..
jit_free_flush(): scheduling 730 deallocations
jit_shutdown(): releasing 6 kernels ..
jit_malloc_trim(): freed
 - host-pinned memory: 2 KiB in 1 allocation
 - device memory: 47.6 KiB in 731 allocations
jit_shutdown(): done
