jit_device_set(device=0, stream=0): creating stream
jit_trace_append(1): mov.u32 $r0, $i
jit_var_inc_ref_ext(1): 1
jit_var_inc_ref_int(1): 1
jit_trace_append(2 <- 1): cvt.rn.$t0.$t1 $r0, $r1
jit_var_inc_ref_ext(2): 1
jit_trace_append(3): mov.$t0 $r0, 0f3de38e39
jit_var_inc_ref_ext(3): 1
jit_trace_append(4): mov.$t0 $r0, 0f00000000
jit_var_inc_ref_ext(4): 1
jit_var_inc_ref_int(2): 1
jit_var_inc_ref_int(3): 1
jit_trace_append(5 <- 2, 3): mul.ftz.$t0 $r0, $r1, $r2
jit_var_inc_ref_ext(5): 1
jit_var_dec_ref_ext(4): 0
jit_var_free(4)
jit_var_dec_ref_ext(3): 0
jit_var_dec_ref_ext(2): 0
jit_var_dec_ref_ext(1): 0
jit_var_inc_ref_int(5): 1
jit_trace_append(6 <- 5): abs.ftz.$t0 $r0, $r1
jit_var_inc_ref_ext(6): 1
jit_trace_append(7): mov.$t0 $r0, 0f3fa2f983
jit_var_inc_ref_ext(7): 1
jit_var_inc_ref_int(6): 1
jit_var_inc_ref_int(7): 1
jit_trace_append(8 <- 6, 7): mul.ftz.$t0 $r0, $r1, $r2
jit_var_inc_ref_ext(8): 1
jit_var_inc_ref_int(8): 1
jit_trace_append(9 <- 8): cvt.rzi.$t0.$t1 $r0, $r1
jit_var_inc_ref_ext(9): 1
jit_var_dec_ref_ext(8): 0
jit_var_dec_ref_ext(7): 0
jit_trace_append(10): mov.$b0 $r0, 0x00000001
jit_var_inc_ref_ext(10): 1
jit_var_inc_ref_int(9): 1
jit_var_inc_ref_int(10): 1
jit_trace_append(11 <- 9, 10): add.$t0 $r0, $r1, $r2
jit_var_inc_ref_ext(11): 1
jit_trace_append(12): mov.$b0 $r0, 0xfffffffe
jit_var_inc_ref_ext(12): 1
jit_var_inc_ref_int(11): 1
jit_var_inc_ref_int(12): 1
jit_trace_append(13 <- 11, 12): and.$b0 $r0, $r1, $r2
jit_var_inc_ref_ext(13): 1
jit_var_dec_ref_ext(9): 0
jit_var_dec_ref_ext(12): 0
jit_var_dec_ref_ext(11): 0
jit_var_dec_ref_ext(10): 0
jit_var_inc_ref_int(13): 1
jit_trace_append(14 <- 13): cvt.rn.$t0.$t1 $r0, $r1
jit_var_inc_ref_ext(14): 1
jit_trace_append(15): mov.$b0 $r0, 0x0000001d
jit_var_inc_ref_ext(15): 1
jit_var_inc_ref_int(13): 2
jit_var_inc_ref_int(15): 1
jit_trace_append(16 <- 13, 15): shl.$b0 $r0, $r1, $r2
jit_var_inc_ref_ext(16): 1
jit_var_inc_ref_int(16): 1
jit_trace_append(17 <- 16): mov.$b0 $r0, $r1
jit_var_inc_ref_ext(17): 1
jit_var_inc_ref_int(17): 1
jit_var_inc_ref_int(5): 2
jit_trace_append(18 <- 17, 5): xor.$b0 $r0, $r1, $r2
jit_var_inc_ref_ext(18): 1
jit_var_dec_ref_ext(17): 0
jit_var_dec_ref_ext(16): 0
jit_var_dec_ref_ext(15): 0
jit_trace_append(19): mov.$b0 $r0, 0x00000002
jit_var_inc_ref_ext(19): 1
jit_var_inc_ref_int(13): 3
jit_var_inc_ref_int(19): 1
jit_trace_append(20 <- 13, 19): sub.$t0 $r0, $r1, $r2
jit_var_inc_ref_ext(20): 1
jit_var_inc_ref_int(20): 1
jit_trace_append(21 <- 20): not.$b0 $r0, $r1
jit_var_inc_ref_ext(21): 1
jit_trace_append(15): mov.$b0 $r0, 0x0000001d (reused)
jit_var_inc_ref_ext(15): 1
jit_var_inc_ref_int(21): 1
jit_var_inc_ref_int(15): 2
jit_trace_append(22 <- 21, 15): shl.$b0 $r0, $r1, $r2
jit_var_inc_ref_ext(22): 1
jit_var_inc_ref_int(22): 1
jit_trace_append(23 <- 22): mov.$b0 $r0, $r1
jit_var_inc_ref_ext(23): 1
jit_var_dec_ref_ext(22): 0
jit_var_dec_ref_ext(15): 0
jit_var_dec_ref_ext(21): 0
jit_var_dec_ref_ext(20): 0
jit_var_dec_ref_ext(19): 0
jit_trace_append(24): mov.$t0 $r0, 0f3f490000
jit_var_inc_ref_ext(24): 1
jit_var_inc_ref_int(14): 1
jit_var_inc_ref_int(24): 1
jit_trace_append(25 <- 14, 24): mul.ftz.$t0 $r0, $r1, $r2
jit_var_inc_ref_ext(25): 1
jit_var_inc_ref_int(6): 2
jit_var_inc_ref_int(25): 1
jit_trace_append(26 <- 6, 25): sub.ftz.$t0 $r0, $r1, $r2
jit_var_inc_ref_ext(26): 1
jit_trace_append(27): mov.$t0 $r0, 0f397da000
jit_var_inc_ref_ext(27): 1
jit_var_inc_ref_int(14): 2
jit_var_inc_ref_int(27): 1
jit_trace_append(28 <- 14, 27): mul.ftz.$t0 $r0, $r1, $r2
jit_var_inc_ref_ext(28): 1
jit_var_inc_ref_int(26): 1
jit_var_inc_ref_int(28): 1
jit_trace_append(29 <- 26, 28): sub.ftz.$t0 $r0, $r1, $r2
jit_var_inc_ref_ext(29): 1
jit_trace_append(30): mov.$t0 $r0, 0f33222169
jit_var_inc_ref_ext(30): 1
jit_var_inc_ref_int(14): 3
jit_var_inc_ref_int(30): 1
jit_trace_append(31 <- 14, 30): mul.ftz.$t0 $r0, $r1, $r2
jit_var_inc_ref_ext(31): 1
jit_var_inc_ref_int(29): 1
jit_var_inc_ref_int(31): 1
jit_trace_append(32 <- 29, 31): sub.ftz.$t0 $r0, $r1, $r2
jit_var_inc_ref_ext(32): 1
jit_var_dec_ref_ext(14): 0
jit_var_dec_ref_ext(31): 0
jit_var_dec_ref_ext(30): 0
jit_var_dec_ref_ext(29): 0
jit_var_dec_ref_ext(28): 0
jit_var_dec_ref_ext(27): 0
jit_var_dec_ref_ext(26): 0
jit_var_dec_ref_ext(25): 0
jit_var_dec_ref_ext(24): 0
jit_var_inc_ref_int(32): 1
jit_var_inc_ref_int(32): 2
jit_trace_append(33 <- 32, 32): mul.ftz.$t0 $r0, $r1, $r2
jit_var_inc_ref_ext(33): 1
jit_trace_append(34): mov.$t0 $r0, 0f7f800000
jit_var_inc_ref_ext(34): 1
jit_var_inc_ref_int(6): 3
jit_var_inc_ref_int(34): 1
jit_trace_append(35 <- 6, 34): setp.eq.$t1 $r0, $r1, $r2
jit_var_inc_ref_ext(35): 1
jit_var_inc_ref_int(33): 1
jit_var_inc_ref_int(35): 1
jit_trace_append(36 <- 33, 35): selp.$b0 $r0, -1, $r1, $r2
jit_var_inc_ref_ext(36): 1
jit_var_dec_ref_ext(33): 0
jit_var_dec_ref_ext(35): 0
jit_var_dec_ref_ext(34): 0
jit_var_inc_ref_int(36): 1
jit_var_inc_ref_int(36): 2
jit_trace_append(37 <- 36, 36): mul.ftz.$t0 $r0, $r1, $r2
jit_var_inc_ref_ext(37): 1
jit_trace_append(38): mov.$t0 $r0, 0fb94ca1f9
jit_var_inc_ref_ext(38): 1
jit_trace_append(39): mov.$t0 $r0, 0f3c08839e
jit_var_inc_ref_ext(39): 1
jit_trace_append(40): mov.$t0 $r0, 0fbe2aaaa3
jit_var_inc_ref_ext(40): 1
jit_var_inc_ref_int(36): 3
jit_var_inc_ref_int(39): 1
jit_var_inc_ref_int(40): 1
jit_trace_append(41 <- 36, 39, 40): fma.rn.ftz.$t0 $r0, $r1, $r2, $r3
jit_var_inc_ref_ext(41): 1
jit_var_inc_ref_int(37): 1
jit_var_inc_ref_int(38): 1
jit_var_inc_ref_int(41): 1
jit_trace_append(42 <- 37, 38, 41): fma.rn.ftz.$t0 $r0, $r1, $r2, $r3
jit_var_inc_ref_ext(42): 1
jit_var_dec_ref_ext(41): 0
jit_var_dec_ref_ext(40): 0
jit_var_dec_ref_ext(39): 0
jit_var_dec_ref_ext(38): 0
jit_var_dec_ref_ext(37): 0
jit_var_inc_ref_int(42): 1
jit_var_inc_ref_int(36): 4
jit_trace_append(43 <- 42, 36): mul.ftz.$t0 $r0, $r1, $r2
jit_var_inc_ref_ext(43): 1
jit_var_dec_ref_ext(42): 0
jit_var_inc_ref_int(36): 5
jit_var_inc_ref_int(36): 6
jit_var_dec_ref_int(36): 5
jit_var_dec_ref_int(36): 4
jit_trace_append(37 <- 36, 36): mul.ftz.$t0 $r0, $r1, $r2 (reused)
jit_var_inc_ref_ext(37): 1
jit_trace_append(44): mov.$t0 $r0, 0f37ccf5ce
jit_var_inc_ref_ext(44): 1
jit_trace_append(45): mov.$t0 $r0, 0fbab6061a
jit_var_inc_ref_ext(45): 1
jit_trace_append(46): mov.$t0 $r0, 0f3d2aaaa5
jit_var_inc_ref_ext(46): 1
jit_var_inc_ref_int(36): 5
jit_var_inc_ref_int(45): 1
jit_var_inc_ref_int(46): 1
jit_trace_append(47 <- 36, 45, 46): fma.rn.ftz.$t0 $r0, $r1, $r2, $r3
jit_var_inc_ref_ext(47): 1
jit_var_inc_ref_int(37): 2
jit_var_inc_ref_int(44): 1
jit_var_inc_ref_int(47): 1
jit_trace_append(48 <- 37, 44, 47): fma.rn.ftz.$t0 $r0, $r1, $r2, $r3
jit_var_inc_ref_ext(48): 1
jit_var_dec_ref_ext(47): 0
jit_var_dec_ref_ext(46): 0
jit_var_dec_ref_ext(45): 0
jit_var_dec_ref_ext(44): 0
jit_var_dec_ref_ext(37): 0
jit_var_inc_ref_int(48): 1
jit_var_inc_ref_int(36): 6
jit_trace_append(49 <- 48, 36): mul.ftz.$t0 $r0, $r1, $r2
jit_var_inc_ref_ext(49): 1
jit_var_dec_ref_ext(48): 0
jit_var_inc_ref_int(43): 1
jit_var_inc_ref_int(32): 3
jit_var_inc_ref_int(32): 4
jit_trace_append(50 <- 43, 32, 32): fma.rn.ftz.$t0 $r0, $r1, $r2, $r3
jit_var_inc_ref_ext(50): 1
jit_var_dec_ref_ext(43): 0
jit_trace_append(51): mov.$t0 $r0, 0fbf000000
jit_var_inc_ref_ext(51): 1
jit_trace_append(52): mov.$t0 $r0, 0f3f800000
jit_var_inc_ref_ext(52): 1
jit_var_inc_ref_int(36): 7
jit_var_inc_ref_int(51): 1
jit_var_inc_ref_int(52): 1
jit_trace_append(53 <- 36, 51, 52): fma.rn.ftz.$t0 $r0, $r1, $r2, $r3
jit_var_inc_ref_ext(53): 1
jit_var_inc_ref_int(49): 1
jit_var_inc_ref_int(36): 8
jit_var_inc_ref_int(53): 1
jit_trace_append(54 <- 49, 36, 53): fma.rn.ftz.$t0 $r0, $r1, $r2, $r3
jit_var_inc_ref_ext(54): 1
jit_var_dec_ref_ext(49): 0
jit_var_dec_ref_ext(53): 0
jit_var_dec_ref_ext(52): 0
jit_var_dec_ref_ext(51): 0
jit_trace_append(19): mov.$b0 $r0, 0x00000002 (reused)
jit_var_inc_ref_ext(19): 1
jit_var_inc_ref_int(13): 4
jit_var_inc_ref_int(19): 2
jit_trace_append(55 <- 13, 19): and.$b0 $r0, $r1, $r2
jit_var_inc_ref_ext(55): 1
jit_trace_append(56): mov.$b0 $r0, 0x00000000
jit_var_inc_ref_ext(56): 1
jit_var_inc_ref_int(55): 1
jit_var_inc_ref_int(56): 1
jit_trace_append(57 <- 55, 56): setp.eq.$t1 $r0, $r1, $r2
jit_var_inc_ref_ext(57): 1
jit_var_dec_ref_ext(56): 0
jit_var_dec_ref_ext(55): 0
jit_var_dec_ref_ext(19): 0
jit_var_inc_ref_int(50): 1
jit_var_inc_ref_int(54): 1
jit_var_inc_ref_int(57): 1
jit_trace_append(58 <- 50, 54, 57): selp.$t0 $r0, $r1, $r2, $r3
jit_var_inc_ref_ext(58): 1
jit_trace_append(59): mov.$t0 $r0, 0f80000000
jit_var_inc_ref_ext(59): 1
jit_var_inc_ref_int(59): 1
jit_var_inc_ref_int(18): 1
jit_trace_append(60 <- 59, 18): and.$b0 $r0, $r1, $r2
jit_var_inc_ref_ext(60): 1
jit_var_inc_ref_int(58): 1
jit_var_inc_ref_int(60): 1
jit_trace_append(61 <- 58, 60): xor.$b0 $r0, $r1, $r2
jit_var_inc_ref_ext(61): 1
jit_var_dec_ref_ext(60): 0
jit_var_dec_ref_ext(59): 0
jit_var_dec_ref_ext(58): 0
jit_var_inc_ref_int(54): 2
jit_var_inc_ref_int(50): 2
jit_var_inc_ref_int(57): 2
jit_trace_append(62 <- 54, 50, 57): selp.$t0 $r0, $r1, $r2, $r3
jit_var_inc_ref_ext(62): 1
jit_trace_append(59): mov.$t0 $r0, 0f80000000 (reused)
jit_var_inc_ref_ext(59): 1
jit_var_inc_ref_int(59): 2
jit_var_inc_ref_int(23): 1
jit_trace_append(63 <- 59, 23): and.$b0 $r0, $r1, $r2
jit_var_inc_ref_ext(63): 1
jit_var_inc_ref_int(62): 1
jit_var_inc_ref_int(63): 1
jit_trace_append(64 <- 62, 63): xor.$b0 $r0, $r1, $r2
jit_var_inc_ref_ext(64): 1
jit_var_dec_ref_ext(63): 0
jit_var_dec_ref_ext(59): 0
jit_var_dec_ref_ext(62): 0
jit_var_dec_ref_ext(57): 0
jit_var_dec_ref_ext(54): 0
jit_var_dec_ref_ext(50): 0
jit_var_dec_ref_ext(36): 0
jit_var_dec_ref_ext(23): 0
jit_var_dec_ref_ext(18): 0
jit_var_dec_ref_ext(32): 0
jit_var_dec_ref_ext(13): 0
jit_var_dec_ref_ext(6): 0
jit_eval(): begin.
jit_assemble(size=10): register map:
   - %r4 -> 1
   - %f5 -> 2
   - %f6 -> 3 [scalar]
   - %f7 -> 5
   - %f8 -> 6
   - %f9 -> 7 [scalar]
   - %f10 -> 8
   - %r11 -> 9
   - %r12 -> 10 [scalar]
   - %r13 -> 11
   - %r14 -> 12 [scalar]
   - %r15 -> 13
   - %f16 -> 14
   - %f17 -> 24 [scalar]
   - %f18 -> 25
   - %f19 -> 26
   - %f20 -> 27 [scalar]
   - %f21 -> 28
   - %f22 -> 29
   - %f23 -> 30 [scalar]
   - %f24 -> 31
   - %f25 -> 32
   - %f26 -> 33
   - %f27 -> 34 [scalar]
   - %p28 -> 35
   - %f29 -> 36
   - %f30 -> 37
   - %f31 -> 45 [scalar]
   - %f32 -> 46 [scalar]
   - %f33 -> 47
   - %f34 -> 44 [scalar]
   - %f35 -> 48
   - %f36 -> 49
   - %f37 -> 51 [scalar]
   - %f38 -> 52 [scalar]
   - %f39 -> 53
   - %f40 -> 54
   - %f41 -> 39 [scalar]
   - %f42 -> 40 [scalar]
   - %f43 -> 41
   - %f44 -> 38 [scalar]
   - %f45 -> 42
   - %f46 -> 43
   - %f47 -> 50
   - %r48 -> 19 [scalar]
   - %r49 -> 55
   - %r50 -> 56 [scalar]
   - %p51 -> 57
   - %f52 -> 58
   - %r53 -> 15 [scalar]
   - %r54 -> 16
   - %f55 -> 17
   - %f56 -> 18
   - %f57 -> 59 [scalar]
   - %f58 -> 60
   - %f59 -> 61 [out]
jit_malloc(type=device, device=0, size=64): <@> (new allocation)
jit_run(): launching kernel (n=10, in=0, out=1, ops=60) ..
.version 6.3
.address_size 64
.entry enoki_@@@@@@@@@@@@@@@@(.param .u32 size,
                              .param .u64 arg0) {
    .reg.b8 %b<60>;
    .reg.b16 %w<60>;
    .reg.b32 %r<60>;
    .reg.b64 %rd<60>;
    .reg.f32 %f<60>;
    .reg.f64 %d<60>;
    .reg.pred %p<60>;

    // Grid-stride loop setup
    mov.u32 %r0, %ctaid.x;
    mov.u32 %r1, %ntid.x;
    mov.u32 %r2, %tid.x;
    mad.lo.u32 %r0, %r0, %r1, %r2;
    ld.param.u32 %r2, [size];
    setp.ge.u32 %p0, %r0, %r2;
    @%p0 bra L0;

    mov.u32 %r3, %nctaid.x;
    mul.lo.u32 %r1, %r3, %r1;

L1: // Loop body

    // Evaluate %r4
    mov.u32 %r4, %r0;

    // Evaluate %f5
    cvt.rn.f32.u32 %f5, %r4;

    // Evaluate %f6
    mov.f32 %f6, 0f3de38e39;

    // Evaluate %f7
    mul.ftz.f32 %f7, %f5, %f6;

    // Evaluate %f8
    abs.ftz.f32 %f8, %f7;

    // Evaluate %f9
    mov.f32 %f9, 0f3fa2f983;

    // Evaluate %f10
    mul.ftz.f32 %f10, %f8, %f9;

    // Evaluate %r11
    cvt.rzi.s32.f32 %r11, %f10;

    // Evaluate %r12
    mov.b32 %r12, 0x00000001;

    // Evaluate %r13
    add.s32 %r13, %r11, %r12;

    // Evaluate %r14
    mov.b32 %r14, 0xfffffffe;

    // Evaluate %r15
    and.b32 %r15, %r13, %r14;

    // Evaluate %f16
    cvt.rn.f32.s32 %f16, %r15;

    // Evaluate %f17
    mov.f32 %f17, 0f3f490000;

    // Evaluate %f18
    mul.ftz.f32 %f18, %f16, %f17;

    // Evaluate %f19
    sub.ftz.f32 %f19, %f8, %f18;

    // Evaluate %f20
    mov.f32 %f20, 0f397da000;

    // Evaluate %f21
    mul.ftz.f32 %f21, %f16, %f20;

    // Evaluate %f22
    sub.ftz.f32 %f22, %f19, %f21;

    // Evaluate %f23
    mov.f32 %f23, 0f33222169;

    // Evaluate %f24
    mul.ftz.f32 %f24, %f16, %f23;

    // Evaluate %f25
    sub.ftz.f32 %f25, %f22, %f24;

    // Evaluate %f26
    mul.ftz.f32 %f26, %f25, %f25;

    // Evaluate %f27
    mov.f32 %f27, 0f7f800000;

    // Evaluate %p28
    setp.eq.f32 %p28, %f8, %f27;

    // Evaluate %f29
    selp.b32 %f29, -1, %f26, %p28;

    // Evaluate %f30
    mul.ftz.f32 %f30, %f29, %f29;

    // Evaluate %f31
    mov.f32 %f31, 0fbab6061a;

    // Evaluate %f32
    mov.f32 %f32, 0f3d2aaaa5;

    // Evaluate %f33
    fma.rn.ftz.f32 %f33, %f29, %f31, %f32;

    // Evaluate %f34
    mov.f32 %f34, 0f37ccf5ce;

    // Evaluate %f35
    fma.rn.ftz.f32 %f35, %f30, %f34, %f33;

    // Evaluate %f36
    mul.ftz.f32 %f36, %f35, %f29;

    // Evaluate %f37
    mov.f32 %f37, 0fbf000000;

    // Evaluate %f38
    mov.f32 %f38, 0f3f800000;

    // Evaluate %f39
    fma.rn.ftz.f32 %f39, %f29, %f37, %f38;

    // Evaluate %f40
    fma.rn.ftz.f32 %f40, %f36, %f29, %f39;

    // Evaluate %f41
    mov.f32 %f41, 0f3c08839e;

    // Evaluate %f42
    mov.f32 %f42, 0fbe2aaaa3;

    // Evaluate %f43
    fma.rn.ftz.f32 %f43, %f29, %f41, %f42;

    // Evaluate %f44
    mov.f32 %f44, 0fb94ca1f9;

    // Evaluate %f45
    fma.rn.ftz.f32 %f45, %f30, %f44, %f43;

    // Evaluate %f46
    mul.ftz.f32 %f46, %f45, %f29;

    // Evaluate %f47
    fma.rn.ftz.f32 %f47, %f46, %f25, %f25;

    // Evaluate %r48
    mov.b32 %r48, 0x00000002;

    // Evaluate %r49
    and.b32 %r49, %r15, %r48;

    // Evaluate %r50
    mov.b32 %r50, 0x00000000;

    // Evaluate %p51
    setp.eq.s32 %p51, %r49, %r50;

    // Evaluate %f52
    selp.f32 %f52, %f47, %f40, %p51;

    // Evaluate %r53
    mov.b32 %r53, 0x0000001d;

    // Evaluate %r54
    shl.b32 %r54, %r15, %r53;

    // Evaluate %f55
    mov.b32 %f55, %r54;

    // Evaluate %f56
    xor.b32 %f56, %f55, %f7;

    // Evaluate %f57
    mov.f32 %f57, 0f80000000;

    // Evaluate %f58
    and.b32 %f58, %f57, %f56;

    // Evaluate %f59
    xor.b32 %f59, %f52, %f58;

    // Store %f59
    ld.param.u64 %rd0, [arg0];
    mul.wide.u32 %rd1, %r0, 4;
    add.u64 %rd0, %rd0, %rd1;
    st.global.cs.f32 [%rd0], %f59;

    add.u32 %r0, %r0, %r1;
    setp.ge.u32 %p0, %r0, %r2;
    @!%p0 bra L1;

L0:
    ret;
}
jit_eval(): cleaning up..
jit_var_dec_ref_int(58): 0
jit_var_free(58)
jit_var_dec_ref_int(50): 1
jit_var_dec_ref_int(54): 1
jit_var_dec_ref_int(57): 1
jit_var_dec_ref_int(60): 0
jit_var_free(60)
jit_var_dec_ref_int(59): 1
jit_var_dec_ref_int(18): 0
jit_var_free(18)
jit_var_dec_ref_int(17): 0
jit_var_free(17)
jit_var_dec_ref_int(16): 0
jit_var_free(16)
jit_var_dec_ref_int(13): 3
jit_var_dec_ref_int(15): 1
jit_var_dec_ref_int(5): 1
jit_eval(): done.
xs : [0, 0.110883, 0.220398, 0.327195, 0.429956, 0.527415, 0.61837, 0.701698, 0.776372, 0.841471]
jit_eval(): begin.
jit_assemble(size=10): register map:
   - %r4 -> 1
   - %f5 -> 2
   - %f6 -> 3 [scalar]
   - %f7 -> 5
   - %f8 -> 6
   - %f9 -> 7 [scalar]
   - %f10 -> 8
   - %r11 -> 9
   - %r12 -> 10 [scalar]
   - %r13 -> 11
   - %r14 -> 12 [scalar]
   - %r15 -> 13
   - %f16 -> 14
   - %f17 -> 24 [scalar]
   - %f18 -> 25
   - %f19 -> 26
   - %f20 -> 27 [scalar]
   - %f21 -> 28
   - %f22 -> 29
   - %f23 -> 30 [scalar]
   - %f24 -> 31
   - %f25 -> 32
   - %f26 -> 33
   - %f27 -> 34 [scalar]
   - %p28 -> 35
   - %f29 -> 36
   - %f30 -> 37
   - %f31 -> 45 [scalar]
   - %f32 -> 46 [scalar]
   - %f33 -> 47
   - %f34 -> 44 [scalar]
   - %f35 -> 48
   - %f36 -> 49
   - %f37 -> 51 [scalar]
   - %f38 -> 52 [scalar]
   - %f39 -> 53
   - %f40 -> 54
   - %f41 -> 39 [scalar]
   - %f42 -> 40 [scalar]
   - %f43 -> 41
   - %f44 -> 38 [scalar]
   - %f45 -> 42
   - %f46 -> 43
   - %f47 -> 50
   - %r48 -> 19 [scalar]
   - %r49 -> 55
   - %r50 -> 56 [scalar]
   - %p51 -> 57
   - %f52 -> 62
   - %r53 -> 20
   - %r54 -> 21
   - %r55 -> 15 [scalar]
   - %r56 -> 22
   - %f57 -> 23
   - %f58 -> 59 [scalar]
   - %f59 -> 63
   - %f60 -> 64 [out]
jit_malloc(type=device, device=0, size=64): <@> (new allocation)
jit_run(): launching kernel (n=10, in=0, out=1, ops=61) ..
.version 6.3
.address_size 64
.entry enoki_@@@@@@@@@@@@@@@@(.param .u32 size,
                              .param .u64 arg0) {
    .reg.b8 %b<61>;
    .reg.b16 %w<61>;
    .reg.b32 %r<61>;
    .reg.b64 %rd<61>;
    .reg.f32 %f<61>;
    .reg.f64 %d<61>;
    .reg.pred %p<61>;

    // Grid-stride loop setup
    mov.u32 %r0, %ctaid.x;
    mov.u32 %r1, %ntid.x;
    mov.u32 %r2, %tid.x;
    mad.lo.u32 %r0, %r0, %r1, %r2;
    ld.param.u32 %r2, [size];
    setp.ge.u32 %p0, %r0, %r2;
    @%p0 bra L0;

    mov.u32 %r3, %nctaid.x;
    mul.lo.u32 %r1, %r3, %r1;

L1: // Loop body

    // Evaluate %r4
    mov.u32 %r4, %r0;

    // Evaluate %f5
    cvt.rn.f32.u32 %f5, %r4;

    // Evaluate %f6
    mov.f32 %f6, 0f3de38e39;

    // Evaluate %f7
    mul.ftz.f32 %f7, %f5, %f6;

    // Evaluate %f8
    abs.ftz.f32 %f8, %f7;

    // Evaluate %f9
    mov.f32 %f9, 0f3fa2f983;

    // Evaluate %f10
    mul.ftz.f32 %f10, %f8, %f9;

    // Evaluate %r11
    cvt.rzi.s32.f32 %r11, %f10;

    // Evaluate %r12
    mov.b32 %r12, 0x00000001;

    // Evaluate %r13
    add.s32 %r13, %r11, %r12;

    // Evaluate %r14
    mov.b32 %r14, 0xfffffffe;

    // Evaluate %r15
    and.b32 %r15, %r13, %r14;

    // Evaluate %f16
    cvt.rn.f32.s32 %f16, %r15;

    // Evaluate %f17
    mov.f32 %f17, 0f3f490000;

    // Evaluate %f18
    mul.ftz.f32 %f18, %f16, %f17;

    // Evaluate %f19
    sub.ftz.f32 %f19, %f8, %f18;

    // Evaluate %f20
    mov.f32 %f20, 0f397da000;

    // Evaluate %f21
    mul.ftz.f32 %f21, %f16, %f20;

    // Evaluate %f22
    sub.ftz.f32 %f22, %f19, %f21;

    // Evaluate %f23
    mov.f32 %f23, 0f33222169;

    // Evaluate %f24
    mul.ftz.f32 %f24, %f16, %f23;

    // Evaluate %f25
    sub.ftz.f32 %f25, %f22, %f24;

    // Evaluate %f26
    mul.ftz.f32 %f26, %f25, %f25;

    // Evaluate %f27
    mov.f32 %f27, 0f7f800000;

    // Evaluate %p28
    setp.eq.f32 %p28, %f8, %f27;

    // Evaluate %f29
    selp.b32 %f29, -1, %f26, %p28;

    // Evaluate %f30
    mul.ftz.f32 %f30, %f29, %f29;

    // Evaluate %f31
    mov.f32 %f31, 0fbab6061a;

    // Evaluate %f32
    mov.f32 %f32, 0f3d2aaaa5;

    // Evaluate %f33
    fma.rn.ftz.f32 %f33, %f29, %f31, %f32;

    // Evaluate %f34
    mov.f32 %f34, 0f37ccf5ce;

    // Evaluate %f35
    fma.rn.ftz.f32 %f35, %f30, %f34, %f33;

    // Evaluate %f36
    mul.ftz.f32 %f36, %f35, %f29;

    // Evaluate %f37
    mov.f32 %f37, 0fbf000000;

    // Evaluate %f38
    mov.f32 %f38, 0f3f800000;

    // Evaluate %f39
    fma.rn.ftz.f32 %f39, %f29, %f37, %f38;

    // Evaluate %f40
    fma.rn.ftz.f32 %f40, %f36, %f29, %f39;

    // Evaluate %f41
    mov.f32 %f41, 0f3c08839e;

    // Evaluate %f42
    mov.f32 %f42, 0fbe2aaaa3;

    // Evaluate %f43
    fma.rn.ftz.f32 %f43, %f29, %f41, %f42;

    // Evaluate %f44
    mov.f32 %f44, 0fb94ca1f9;

    // Evaluate %f45
    fma.rn.ftz.f32 %f45, %f30, %f44, %f43;

    // Evaluate %f46
    mul.ftz.f32 %f46, %f45, %f29;

    // Evaluate %f47
    fma.rn.ftz.f32 %f47, %f46, %f25, %f25;

    // Evaluate %r48
    mov.b32 %r48, 0x00000002;

    // Evaluate %r49
    and.b32 %r49, %r15, %r48;

    // Evaluate %r50
    mov.b32 %r50, 0x00000000;

    // Evaluate %p51
    setp.eq.s32 %p51, %r49, %r50;

    // Evaluate %f52
    selp.f32 %f52, %f40, %f47, %p51;

    // Evaluate %r53
    sub.s32 %r53, %r15, %r48;

    // Evaluate %r54
    not.b32 %r54, %r53;

    // Evaluate %r55
    mov.b32 %r55, 0x0000001d;

    // Evaluate %r56
    shl.b32 %r56, %r54, %r55;

    // Evaluate %f57
    mov.b32 %f57, %r56;

    // Evaluate %f58
    mov.f32 %f58, 0f80000000;

    // Evaluate %f59
    and.b32 %f59, %f58, %f57;

    // Evaluate %f60
    xor.b32 %f60, %f52, %f59;

    // Store %f60
    ld.param.u64 %rd0, [arg0];
    mul.wide.u32 %rd1, %r0, 4;
    add.u64 %rd0, %rd0, %rd1;
    st.global.cs.f32 [%rd0], %f60;

    add.u32 %r0, %r0, %r1;
    setp.ge.u32 %p0, %r0, %r2;
    @!%p0 bra L1;

L0:
    ret;
}
jit_eval(): cleaning up..
jit_var_dec_ref_int(62): 0
jit_var_free(62)
jit_var_dec_ref_int(54): 0
jit_var_free(54)
jit_var_dec_ref_int(49): 0
jit_var_free(49)
jit_var_dec_ref_int(48): 0
jit_var_free(48)
jit_var_dec_ref_int(37): 1
jit_var_dec_ref_int(44): 0
jit_var_free(44)
jit_var_dec_ref_int(47): 0
jit_var_free(47)
jit_var_dec_ref_int(36): 7
jit_var_dec_ref_int(45): 0
jit_var_free(45)
jit_var_dec_ref_int(46): 0
jit_var_free(46)
jit_var_dec_ref_int(36): 6
jit_var_dec_ref_int(36): 5
jit_var_dec_ref_int(53): 0
jit_var_free(53)
jit_var_dec_ref_int(36): 4
jit_var_dec_ref_int(51): 0
jit_var_free(51)
jit_var_dec_ref_int(52): 0
jit_var_free(52)
jit_var_dec_ref_int(50): 0
jit_var_free(50)
jit_var_dec_ref_int(43): 0
jit_var_free(43)
jit_var_dec_ref_int(42): 0
jit_var_free(42)
jit_var_dec_ref_int(37): 0
jit_var_free(37)
jit_var_dec_ref_int(36): 3
jit_var_dec_ref_int(36): 2
jit_var_dec_ref_int(38): 0
jit_var_free(38)
jit_var_dec_ref_int(41): 0
jit_var_free(41)
jit_var_dec_ref_int(36): 1
jit_var_dec_ref_int(39): 0
jit_var_free(39)
jit_var_dec_ref_int(40): 0
jit_var_free(40)
jit_var_dec_ref_int(36): 0
jit_var_free(36)
jit_var_dec_ref_int(33): 0
jit_var_free(33)
jit_var_dec_ref_int(32): 3
jit_var_dec_ref_int(32): 2
jit_var_dec_ref_int(35): 0
jit_var_free(35)
jit_var_dec_ref_int(6): 2
jit_var_dec_ref_int(34): 0
jit_var_free(34)
jit_var_dec_ref_int(32): 1
jit_var_dec_ref_int(32): 0
jit_var_free(32)
jit_var_dec_ref_int(29): 0
jit_var_free(29)
jit_var_dec_ref_int(26): 0
jit_var_free(26)
jit_var_dec_ref_int(6): 1
jit_var_dec_ref_int(25): 0
jit_var_free(25)
jit_var_dec_ref_int(14): 2
jit_var_dec_ref_int(24): 0
jit_var_free(24)
jit_var_dec_ref_int(28): 0
jit_var_free(28)
jit_var_dec_ref_int(14): 1
jit_var_dec_ref_int(27): 0
jit_var_free(27)
jit_var_dec_ref_int(31): 0
jit_var_free(31)
jit_var_dec_ref_int(14): 0
jit_var_free(14)
jit_var_dec_ref_int(13): 2
jit_var_dec_ref_int(30): 0
jit_var_free(30)
jit_var_dec_ref_int(57): 0
jit_var_free(57)
jit_var_dec_ref_int(55): 0
jit_var_free(55)
jit_var_dec_ref_int(13): 1
jit_var_dec_ref_int(19): 1
jit_var_dec_ref_int(56): 0
jit_var_free(56)
jit_var_dec_ref_int(63): 0
jit_var_free(63)
jit_var_dec_ref_int(59): 0
jit_var_free(59)
jit_var_dec_ref_int(23): 0
jit_var_free(23)
jit_var_dec_ref_int(22): 0
jit_var_free(22)
jit_var_dec_ref_int(21): 0
jit_var_free(21)
jit_var_dec_ref_int(20): 0
jit_var_free(20)
jit_var_dec_ref_int(13): 0
jit_var_free(13)
jit_var_dec_ref_int(11): 0
jit_var_free(11)
jit_var_dec_ref_int(9): 0
jit_var_free(9)
jit_var_dec_ref_int(8): 0
jit_var_free(8)
jit_var_dec_ref_int(6): 0
jit_var_free(6)
jit_var_dec_ref_int(5): 0
jit_var_dec_ref_int(7): 0
jit_var_free(7)
jit_var_dec_ref_int(10): 0
jit_var_free(10)
jit_var_dec_ref_int(12): 0
jit_var_free(12)
jit_var_dec_ref_int(19): 0
jit_var_free(19)
jit_var_dec_ref_int(15): 0
jit_var_free(15)
jit_eval(): done.
xc : [1, 0.993834, 0.97541, 0.944957, 0.90285, 0.849608, 0.785887, 0.712475, 0.630275, 0.540302]
jit_var_dec_ref_ext(64): 0
jit_var_free(64)
jit_free(<@>, type=device, device=0, size=64)
jit_var_dec_ref_ext(61): 0
jit_var_free(61)
jit_free(<@>, type=device, device=0, size=64)
jit_var_dec_ref_ext(5): 0
jit_var_free(5)
jit_var_dec_ref_int(2): 0
jit_var_free(2)
jit_var_dec_ref_int(1): 0
jit_var_free(1)
jit_var_dec_ref_int(3): 0
jit_var_free(3)
jit_shutdown(): releasing 1 stream ..
jit_free_flush(): scheduling 2 deallocations
jit_shutdown(): releasing 2 kernels ..
jit_malloc_trim(): freed
 - device memory: 128 B in 2 allocations
jit_shutdown(): done
