jit_device_set(device=-1, stream=0): creating stream
jit_trace_append(1): $r0_0 = trunc i64 $i to $t0$n$r0_1 = insertelement <$w x $t0> undef, $t0 $r0_0, i32 0$n$r0_2 = shufflevector <$w x $t0> $r0_1, <$w x $t0> undef, <$w x i32> $z$n$r0 = add <$w x $t0> $r0_2, $l0
jit_var_inc_ref_ext(1): 1
jit_var_inc_ref_ext(1): 2
jit_var_dec_ref_ext(1): 1
jit_var_set_label(1): "l"
jit_trace_append(2): $r0_0 = insertelement <$w x $t0> undef, $t0 1, i32 0$n$r0 = shufflevector <$w x $t0> $r0_0, <$w x $t0> undef, <$w x i32> $z
jit_var_inc_ref_ext(2): 1
jit_var_inc_ref_int(1): 1
jit_var_inc_ref_int(2): 1
jit_trace_append(3 <- 1, 2): $r0 = and <$w x $t1> $r1, $r2
jit_var_inc_ref_ext(3): 1
jit_trace_append(4): $r0_0 = insertelement <$w x $t0> undef, $t0 0, i32 0$n$r0 = shufflevector <$w x $t0> $r0_0, <$w x $t0> undef, <$w x i32> $z
jit_var_inc_ref_ext(4): 1
jit_var_inc_ref_int(3): 1
jit_var_inc_ref_int(4): 1
jit_trace_append(5 <- 3, 4): $r0 = icmp ne <$w x $t1> $r1, $r2
jit_var_inc_ref_ext(5): 1
jit_var_dec_ref_ext(4): 0
jit_var_dec_ref_ext(3): 0
jit_var_dec_ref_ext(2): 0
jit_var_set_label(5): "result"
jit_trace_append(6): $r0_0 = trunc i64 $i to $t0$n$r0_1 = insertelement <$w x $t0> undef, $t0 $r0_0, i32 0$n$r0_2 = shufflevector <$w x $t0> $r0_1, <$w x $t0> undef, <$w x i32> $z$n$r0 = add <$w x $t0> $r0_2, $l0
jit_var_inc_ref_ext(6): 1
jit_var_inc_ref_ext(6): 2
jit_var_dec_ref_ext(6): 1
jit_var_set_label(6): "l2"
jit_trace_append(7): $r0_0 = insertelement <$w x $t0> undef, $t0 2, i32 0$n$r0 = shufflevector <$w x $t0> $r0_0, <$w x $t0> undef, <$w x i32> $z
jit_var_inc_ref_ext(7): 1
jit_var_inc_ref_int(6): 1
jit_var_inc_ref_int(7): 1
jit_trace_append(8 <- 6, 7): $r0 = mul <$w x $t0> $r1, $r2
jit_var_inc_ref_ext(8): 1
jit_trace_append(9): $r0_0 = insertelement <$w x $t0> undef, $t0 1, i32 0$n$r0 = shufflevector <$w x $t0> $r0_0, <$w x $t0> undef, <$w x i32> $z
jit_var_inc_ref_ext(9): 1
jit_eval(): begin.
jit_assemble(size=1022): register map:
   - %r0 -> 1 "l"
   - %r1 -> 2 [scalar]
   - %r2 -> 3
   - %r3 -> 4 [scalar]
   - %p4 -> 5 "result" [out]
jit_malloc(type=host-async, size=1024): <@> (new allocation)
jit_run(): launching kernel (n=1022, in=0, out=1, ops=5) ..
define void @enoki_@@@@@@@@@@@@@@@@(i64 %start, i64 %end, i8** %ptrs) #0 alignstack(32) {
entry:
    ; Prepare argument 0
    %a0_i = getelementptr inbounds i8*, i8** %ptrs, i32 0
    %a0_p = load i8*, i8** %a0_i, align 8, !alias.scope !1
    %a0 = bitcast i8* %a0_p to i8*
    br label %loop

done:
    ret void

loop:
    %index = phi i64 [ %index_next, %loop ], [ %start, %entry ]

    ; Evaluate %r0: l
    %r0_0 = trunc i64 %index to i32
    %r0_1 = insertelement <8 x i32> undef, i32 %r0_0, i32 0
    %r0_2 = shufflevector <8 x i32> %r0_1, <8 x i32> undef, <8 x i32> zeroinitializer
    %r0 = add <8 x i32> %r0_2, <i32 0, i32 1, i32 2, i32 3, i32 4, i32 5, i32 6, i32 7>

    ; Evaluate %r1
    %r1_0 = insertelement <8 x i32> undef, i32 1, i32 0
    %r1 = shufflevector <8 x i32> %r1_0, <8 x i32> undef, <8 x i32> zeroinitializer

    ; Evaluate %r2
    %r2 = and <8 x i32> %r0, %r1

    ; Evaluate %r3
    %r3_0 = insertelement <8 x i32> undef, i32 0, i32 0
    %r3 = shufflevector <8 x i32> %r3_0, <8 x i32> undef, <8 x i32> zeroinitializer

    ; Evaluate %p4: result
    %p4 = icmp ne <8 x i32> %r2, %r3

    ; Store %p4: result
    %p4_i = getelementptr inbounds i8, i8* %a0, i64 %index
    %p4_p = bitcast i8* %p4_i to <8 x i8>*
    %p4_e = zext <8 x i1> %p4 to <8 x i8>
    store <8 x i8> %p4_e, <8 x i8>* %p4_p, align 8, !noalias !1

    %index_next = add i64 %index, 8
    %cond = icmp uge i64 %index_next, %end
    br i1 %cond, label %done, label %loop, !llvm.loop !2
}

!0 = !{!0}
!1 = !{!1, !0}
!2 = !{!"llvm.loop.unroll.disable", !"llvm.loop.vectorize.enable", i1 0}

attributes #0 = { norecurse nounwind "target-cpu"="skylake" }
jit_run(): processing 128 packets and 0 scalar entries
jit_eval(): cleaning up..
jit_var_dec_ref_int(3): 0
jit_var_free(3)
jit_var_dec_ref_int(1): 0
jit_var_dec_ref_int(2): 0
jit_var_free(2)
jit_var_dec_ref_int(4): 0
jit_var_free(4)
jit_eval(): done.
jit_var_inc_ref_ext(5): 2
jit_var_copy_ptr(10 <- 5): <@>
jit_var_inc_ref_ext(10): 1
jit_var_inc_ref_int(10): 1
jit_var_inc_ref_int(8): 1
jit_trace_append(11 <- 10, 8): $r0_0 = bitcast $t1 $r1 to i8*$n$r0_1 = getelementptr i8, i8* $r0_0, <$w x $t2> $r2$n$r0_2 = bitcast <$w x i8*> $r0_1 to <$w x i32*>$n$r0_3 = call <$w x i32> @llvm.masked.gather.v$wi32(<$w x i32*> $r0$S_2, i32 $s0, <$w x i1> $O, <$w x i32> $z)$n$r0 = trunc <$w x i32> $r0_3 to <$w x $t0>
jit_var_inc_ref_ext(11): 1
jit_var_dec_ref_ext(10): 0
jit_var_dec_ref_ext(9): 0
jit_var_free(9)
jit_var_dec_ref_ext(8): 0
jit_var_dec_ref_ext(7): 0
jit_var_set_label(11): "even"
jit_trace_append(7): $r0_0 = insertelement <$w x $t0> undef, $t0 2, i32 0$n$r0 = shufflevector <$w x $t0> $r0_0, <$w x $t0> undef, <$w x i32> $z (reused)
jit_var_inc_ref_ext(7): 1
jit_var_inc_ref_int(6): 2
jit_var_inc_ref_int(7): 2
jit_var_dec_ref_int(6): 1
jit_var_dec_ref_int(7): 1
jit_trace_append(8 <- 6, 7): $r0 = mul <$w x $t0> $r1, $r2 (reused)
jit_var_inc_ref_ext(8): 1
jit_trace_append(12): $r0_0 = insertelement <$w x $t0> undef, $t0 1, i32 0$n$r0 = shufflevector <$w x $t0> $r0_0, <$w x $t0> undef, <$w x i32> $z
jit_var_inc_ref_ext(12): 1
jit_var_inc_ref_int(8): 2
jit_var_inc_ref_int(12): 1
jit_trace_append(13 <- 8, 12): $r0 = add <$w x $t0> $r1, $r2
jit_var_inc_ref_ext(13): 1
jit_trace_append(14): $r0_0 = insertelement <$w x $t0> undef, $t0 1, i32 0$n$r0 = shufflevector <$w x $t0> $r0_0, <$w x $t0> undef, <$w x i32> $z
jit_var_inc_ref_ext(14): 1
jit_var_inc_ref_ext(10): 1
jit_var_inc_ref_int(10): 2
jit_var_inc_ref_int(13): 1
jit_trace_append(15 <- 10, 13): $r0_0 = bitcast $t1 $r1 to i8*$n$r0_1 = getelementptr i8, i8* $r0_0, <$w x $t2> $r2$n$r0_2 = bitcast <$w x i8*> $r0_1 to <$w x i32*>$n$r0_3 = call <$w x i32> @llvm.masked.gather.v$wi32(<$w x i32*> $r0$S_2, i32 $s0, <$w x i1> $O, <$w x i32> $z)$n$r0 = trunc <$w x i32> $r0_3 to <$w x $t0>
jit_var_inc_ref_ext(15): 1
jit_var_dec_ref_ext(10): 0
jit_var_dec_ref_ext(14): 0
jit_var_free(14)
jit_var_dec_ref_ext(13): 0
jit_var_dec_ref_ext(12): 0
jit_var_dec_ref_ext(8): 0
jit_var_dec_ref_ext(7): 0
jit_var_set_label(15): "odd"
Mask  : [0, 1, 0, 1, 0, .. 1012 skipped .., 1, 0, 1, 0, 1]
jit_eval(): begin.
jit_assemble(size=510): register map:
   - %r0 -> 6 "l2"
   - %r1 -> 7 [scalar]
   - %r2 -> 8
   - %rd3 -> 10 [scalar] [in]
   - %p4 -> 11 "even" [out]
jit_malloc(type=host-async, size=512): <@> (new allocation)
jit_run(): launching kernel (n=510, in=1, out=1, ops=5) ..
define void @enoki_@@@@@@@@@@@@@@@@(i64 %start, i64 %end, i8** %ptrs) #0 alignstack(32) {
entry:
    ; Prepare argument 0
    %a0_i = getelementptr inbounds i8*, i8** %ptrs, i32 0
    %rd3 = load i8*, i8** %a0_i, align 8, !alias.scope !1

    ; Prepare argument 1
    %a1_i = getelementptr inbounds i8*, i8** %ptrs, i32 1
    %a1_p = load i8*, i8** %a1_i, align 8, !alias.scope !1
    %a1 = bitcast i8* %a1_p to i8*
    br label %loop

done:
    ret void

loop:
    %index = phi i64 [ %index_next, %loop ], [ %start, %entry ]

    ; Evaluate %r0: l2
    %r0_0 = trunc i64 %index to i32
    %r0_1 = insertelement <8 x i32> undef, i32 %r0_0, i32 0
    %r0_2 = shufflevector <8 x i32> %r0_1, <8 x i32> undef, <8 x i32> zeroinitializer
    %r0 = add <8 x i32> %r0_2, <i32 0, i32 1, i32 2, i32 3, i32 4, i32 5, i32 6, i32 7>

    ; Evaluate %r1
    %r1_0 = insertelement <8 x i32> undef, i32 2, i32 0
    %r1 = shufflevector <8 x i32> %r1_0, <8 x i32> undef, <8 x i32> zeroinitializer

    ; Evaluate %r2
    %r2 = mul <8 x i32> %r0, %r1

    ; Evaluate %p4: even
    %p4_0 = bitcast i8* %rd3 to i8*
    %p4_1 = getelementptr i8, i8* %p4_0, <8 x i32> %r2
    %p4_2 = bitcast <8 x i8*> %p4_1 to <8 x i32*>
    %p4_3 = call <8 x i32> @llvm.masked.gather.v8i32(<8 x i32*> %p4_2, i32 1, <8 x i1> <i1 1, i1 1, i1 1, i1 1, i1 1, i1 1, i1 1, i1 1>, <8 x i32> zeroinitializer)
    %p4 = trunc <8 x i32> %p4_3 to <8 x i1>

    ; Store %p4: even
    %p4_i = getelementptr inbounds i8, i8* %a1, i64 %index
    %p4_p = bitcast i8* %p4_i to <8 x i8>*
    %p4_e = zext <8 x i1> %p4 to <8 x i8>
    store <8 x i8> %p4_e, <8 x i8>* %p4_p, align 8, !noalias !1

    %index_next = add i64 %index, 8
    %cond = icmp uge i64 %index_next, %end
    br i1 %cond, label %done, label %loop, !llvm.loop !2
}

define void @enoki_@@@@@@@@@@@@@@@@_scalar(i64 %start, i64 %end, i8** %ptrs) #0 {
entry:
    ; Prepare argument 0
    %a0_i = getelementptr inbounds i8*, i8** %ptrs, i32 0
    %rd3 = load i8*, i8** %a0_i, align 8, !alias.scope !1

    ; Prepare argument 1
    %a1_i = getelementptr inbounds i8*, i8** %ptrs, i32 1
    %a1_p = load i8*, i8** %a1_i, align 8, !alias.scope !1
    %a1 = bitcast i8* %a1_p to i8*
    br label %loop

done:
    ret void

loop:
    %index = phi i64 [ %index_next, %loop ], [ %start, %entry ]

    ; Evaluate %r0: l2
    %r0_0 = trunc i64 %index to i32
    %r0_1 = insertelement <1 x i32> undef, i32 %r0_0, i32 0
    %r0_2 = shufflevector <1 x i32> %r0_1, <1 x i32> undef, <1 x i32> zeroinitializer
    %r0 = add <1 x i32> %r0_2, <i32 0>

    ; Evaluate %r1
    %r1_0 = insertelement <1 x i32> undef, i32 2, i32 0
    %r1 = shufflevector <1 x i32> %r1_0, <1 x i32> undef, <1 x i32> zeroinitializer

    ; Evaluate %r2
    %r2 = mul <1 x i32> %r0, %r1

    ; Evaluate %p4: even
    %p4_0 = bitcast i8* %rd3 to i8*
    %p4_1 = getelementptr i8, i8* %p4_0, <1 x i32> %r2
    %p4_2 = bitcast <1 x i8*> %p4_1 to <1 x i32*>
    %p4_3 = call <1 x i32> @llvm.masked.gather.v1i32(<1 x i32*> %p4_2, i32 1, <1 x i1> <i1 1>, <1 x i32> zeroinitializer)
    %p4 = trunc <1 x i32> %p4_3 to <1 x i1>

    ; Store %p4: even
    %p4_i = getelementptr inbounds i8, i8* %a1, i64 %index
    %p4_p = bitcast i8* %p4_i to <1 x i8>*
    %p4_e = zext <1 x i1> %p4 to <1 x i8>
    store <1 x i8> %p4_e, <1 x i8>* %p4_p, align 1, !noalias !1

    %index_next = add i64 %index, 1
    %cond = icmp uge i64 %index_next, %end
    br i1 %cond, label %done, label %loop, !llvm.loop !2
}

declare <8 x i32> @llvm.masked.gather.v8i32(<8 x i32*>, i32, <8 x i1>, <8 x i32>)
declare <1 x i32> @llvm.masked.gather.v1i32(<1 x i32*>, i32, <1 x i1>, <1 x i32>)

!0 = !{!0}
!1 = !{!1, !0}
!2 = !{!"llvm.loop.unroll.disable", !"llvm.loop.vectorize.enable", i1 0}

attributes #0 = { norecurse nounwind "target-cpu"="skylake" }
jit_run(): processing 63 packets and 6 scalar entries
jit_eval(): cleaning up..
jit_var_dec_ref_int(10): 1
jit_var_dec_ref_int(8): 1
jit_eval(): done.
Even  : [0, 0, 0, 0, 0, .. 500 skipped .., 0, 0, 0, 0, 0]
jit_eval(): begin.
jit_assemble(size=510): register map:
   - %r0 -> 6 "l2"
   - %r1 -> 7 [scalar]
   - %r2 -> 8
   - %r3 -> 12 [scalar]
   - %r4 -> 13
   - %rd5 -> 10 [scalar] [in]
   - %p6 -> 15 "odd" [out]
jit_malloc(type=host-async, size=512): <@> (new allocation)
jit_run(): launching kernel (n=510, in=1, out=1, ops=7) ..
define void @enoki_@@@@@@@@@@@@@@@@(i64 %start, i64 %end, i8** %ptrs) #0 alignstack(32) {
entry:
    ; Prepare argument 0
    %a0_i = getelementptr inbounds i8*, i8** %ptrs, i32 0
    %rd5 = load i8*, i8** %a0_i, align 8, !alias.scope !1

    ; Prepare argument 1
    %a1_i = getelementptr inbounds i8*, i8** %ptrs, i32 1
    %a1_p = load i8*, i8** %a1_i, align 8, !alias.scope !1
    %a1 = bitcast i8* %a1_p to i8*
    br label %loop

done:
    ret void

loop:
    %index = phi i64 [ %index_next, %loop ], [ %start, %entry ]

    ; Evaluate %r0: l2
    %r0_0 = trunc i64 %index to i32
    %r0_1 = insertelement <8 x i32> undef, i32 %r0_0, i32 0
    %r0_2 = shufflevector <8 x i32> %r0_1, <8 x i32> undef, <8 x i32> zeroinitializer
    %r0 = add <8 x i32> %r0_2, <i32 0, i32 1, i32 2, i32 3, i32 4, i32 5, i32 6, i32 7>

    ; Evaluate %r1
    %r1_0 = insertelement <8 x i32> undef, i32 2, i32 0
    %r1 = shufflevector <8 x i32> %r1_0, <8 x i32> undef, <8 x i32> zeroinitializer

    ; Evaluate %r2
    %r2 = mul <8 x i32> %r0, %r1

    ; Evaluate %r3
    %r3_0 = insertelement <8 x i32> undef, i32 1, i32 0
    %r3 = shufflevector <8 x i32> %r3_0, <8 x i32> undef, <8 x i32> zeroinitializer

    ; Evaluate %r4
    %r4 = add <8 x i32> %r2, %r3

    ; Evaluate %p6: odd
    %p6_0 = bitcast i8* %rd5 to i8*
    %p6_1 = getelementptr i8, i8* %p6_0, <8 x i32> %r4
    %p6_2 = bitcast <8 x i8*> %p6_1 to <8 x i32*>
    %p6_3 = call <8 x i32> @llvm.masked.gather.v8i32(<8 x i32*> %p6_2, i32 1, <8 x i1> <i1 1, i1 1, i1 1, i1 1, i1 1, i1 1, i1 1, i1 1>, <8 x i32> zeroinitializer)
    %p6 = trunc <8 x i32> %p6_3 to <8 x i1>

    ; Store %p6: odd
    %p6_i = getelementptr inbounds i8, i8* %a1, i64 %index
    %p6_p = bitcast i8* %p6_i to <8 x i8>*
    %p6_e = zext <8 x i1> %p6 to <8 x i8>
    store <8 x i8> %p6_e, <8 x i8>* %p6_p, align 8, !noalias !1

    %index_next = add i64 %index, 8
    %cond = icmp uge i64 %index_next, %end
    br i1 %cond, label %done, label %loop, !llvm.loop !2
}

define void @enoki_@@@@@@@@@@@@@@@@_scalar(i64 %start, i64 %end, i8** %ptrs) #0 {
entry:
    ; Prepare argument 0
    %a0_i = getelementptr inbounds i8*, i8** %ptrs, i32 0
    %rd5 = load i8*, i8** %a0_i, align 8, !alias.scope !1

    ; Prepare argument 1
    %a1_i = getelementptr inbounds i8*, i8** %ptrs, i32 1
    %a1_p = load i8*, i8** %a1_i, align 8, !alias.scope !1
    %a1 = bitcast i8* %a1_p to i8*
    br label %loop

done:
    ret void

loop:
    %index = phi i64 [ %index_next, %loop ], [ %start, %entry ]

    ; Evaluate %r0: l2
    %r0_0 = trunc i64 %index to i32
    %r0_1 = insertelement <1 x i32> undef, i32 %r0_0, i32 0
    %r0_2 = shufflevector <1 x i32> %r0_1, <1 x i32> undef, <1 x i32> zeroinitializer
    %r0 = add <1 x i32> %r0_2, <i32 0>

    ; Evaluate %r1
    %r1_0 = insertelement <1 x i32> undef, i32 2, i32 0
    %r1 = shufflevector <1 x i32> %r1_0, <1 x i32> undef, <1 x i32> zeroinitializer

    ; Evaluate %r2
    %r2 = mul <1 x i32> %r0, %r1

    ; Evaluate %r3
    %r3_0 = insertelement <1 x i32> undef, i32 1, i32 0
    %r3 = shufflevector <1 x i32> %r3_0, <1 x i32> undef, <1 x i32> zeroinitializer

    ; Evaluate %r4
    %r4 = add <1 x i32> %r2, %r3

    ; Evaluate %p6: odd
    %p6_0 = bitcast i8* %rd5 to i8*
    %p6_1 = getelementptr i8, i8* %p6_0, <1 x i32> %r4
    %p6_2 = bitcast <1 x i8*> %p6_1 to <1 x i32*>
    %p6_3 = call <1 x i32> @llvm.masked.gather.v1i32(<1 x i32*> %p6_2, i32 1, <1 x i1> <i1 1>, <1 x i32> zeroinitializer)
    %p6 = trunc <1 x i32> %p6_3 to <1 x i1>

    ; Store %p6: odd
    %p6_i = getelementptr inbounds i8, i8* %a1, i64 %index
    %p6_p = bitcast i8* %p6_i to <1 x i8>*
    %p6_e = zext <1 x i1> %p6 to <1 x i8>
    store <1 x i8> %p6_e, <1 x i8>* %p6_p, align 1, !noalias !1

    %index_next = add i64 %index, 1
    %cond = icmp uge i64 %index_next, %end
    br i1 %cond, label %done, label %loop, !llvm.loop !2
}

declare <8 x i32> @llvm.masked.gather.v8i32(<8 x i32*>, i32, <8 x i1>, <8 x i32>)
declare <1 x i32> @llvm.masked.gather.v1i32(<1 x i32*>, i32, <1 x i1>, <1 x i32>)

!0 = !{!0}
!1 = !{!1, !0}
!2 = !{!"llvm.loop.unroll.disable", !"llvm.loop.vectorize.enable", i1 0}

attributes #0 = { norecurse nounwind "target-cpu"="skylake" }
jit_run(): processing 63 packets and 6 scalar entries
jit_eval(): cleaning up..
jit_var_dec_ref_int(10): 0
jit_var_free(10)
jit_var_dec_ref_ext(5): 1
jit_var_dec_ref_int(13): 0
jit_var_free(13)
jit_var_dec_ref_int(8): 0
jit_var_free(8)
jit_var_dec_ref_int(6): 0
jit_var_dec_ref_int(7): 0
jit_var_free(7)
jit_var_dec_ref_int(12): 0
jit_var_free(12)
jit_eval(): done.
Odd   : [1, 1, 1, 1, 1, .. 500 skipped .., 1, 1, 1, 1, 1]
jit_trace_append(16): $r0_0 = insertelement <$w x $t0> undef, $t0 2, i32 0$n$r0 = shufflevector <$w x $t0> $r0_0, <$w x $t0> undef, <$w x i32> $z
jit_var_inc_ref_ext(16): 1
jit_var_inc_ref_int(6): 1
jit_var_inc_ref_int(16): 1
jit_trace_append(17 <- 6, 16): $r0 = mul <$w x $t0> $r1, $r2
jit_var_inc_ref_ext(17): 1
jit_trace_append(18): $r0_0 = insertelement <$w x $t0> undef, $t0 1, i32 0$n$r0 = shufflevector <$w x $t0> $r0_0, <$w x $t0> undef, <$w x i32> $z
jit_var_inc_ref_ext(18): 1
jit_var_inc_ref_ext(5): 2
jit_var_copy_ptr(19 <- 5): <@>
jit_var_inc_ref_ext(19): 1
jit_var_inc_ref_int(19): 1
jit_var_inc_ref_int(15): 1
jit_var_inc_ref_int(17): 1
jit_trace_append(20 <- 19, 15, 17): $r0_0 = bitcast $t1 $r1 to $t2*$n$r0_1 = getelementptr $t2, $t2* $r0_0, <$w x $t3> $r3$ncall void @llvm.masked.scatter.v$w$a2(<$w x $t2> $r2, <$w x $t2*> $r0$S_1, i32 $s1, <$w x i1> $O)
jit_var_inc_ref_ext(20): 1
jit_var_mark_scatter(20, 5)
jit_var_dec_ref_ext(19): 0
jit_var_dec_ref_ext(18): 0
jit_var_free(18)
jit_var_dec_ref_ext(17): 0
jit_var_dec_ref_ext(16): 0
jit_trace_append(16): $r0_0 = insertelement <$w x $t0> undef, $t0 2, i32 0$n$r0 = shufflevector <$w x $t0> $r0_0, <$w x $t0> undef, <$w x i32> $z (reused)
jit_var_inc_ref_ext(16): 1
jit_var_inc_ref_int(6): 2
jit_var_inc_ref_int(16): 2
jit_var_dec_ref_int(6): 1
jit_var_dec_ref_int(16): 1
jit_trace_append(17 <- 6, 16): $r0 = mul <$w x $t0> $r1, $r2 (reused)
jit_var_inc_ref_ext(17): 1
jit_trace_append(21): $r0_0 = insertelement <$w x $t0> undef, $t0 1, i32 0$n$r0 = shufflevector <$w x $t0> $r0_0, <$w x $t0> undef, <$w x i32> $z
jit_var_inc_ref_ext(21): 1
jit_var_inc_ref_int(17): 2
jit_var_inc_ref_int(21): 1
jit_trace_append(22 <- 17, 21): $r0 = add <$w x $t0> $r1, $r2
jit_var_inc_ref_ext(22): 1
jit_trace_append(23): $r0_0 = insertelement <$w x $t0> undef, $t0 1, i32 0$n$r0 = shufflevector <$w x $t0> $r0_0, <$w x $t0> undef, <$w x i32> $z
jit_var_inc_ref_ext(23): 1
jit_var_inc_ref_ext(19): 1
jit_var_inc_ref_int(19): 2
jit_var_inc_ref_int(11): 1
jit_var_inc_ref_int(22): 1
jit_trace_append(24 <- 19, 11, 22): $r0_0 = bitcast $t1 $r1 to $t2*$n$r0_1 = getelementptr $t2, $t2* $r0_0, <$w x $t3> $r3$ncall void @llvm.masked.scatter.v$w$a2(<$w x $t2> $r2, <$w x $t2*> $r0$S_1, i32 $s1, <$w x i1> $O)
jit_var_inc_ref_ext(24): 1
jit_var_mark_scatter(24, 5)
jit_var_dec_ref_ext(19): 0
jit_var_dec_ref_ext(23): 0
jit_var_free(23)
jit_var_dec_ref_ext(22): 0
jit_var_dec_ref_ext(21): 0
jit_var_dec_ref_ext(17): 0
jit_var_dec_ref_ext(16): 0
jit_eval(): begin.
jit_assemble(size=510): register map:
   - %r0 -> 6 "l2"
   - %r1 -> 16 [scalar]
   - %r2 -> 17
   - %p3 -> 15 "odd" [in]
   - %rd4 -> 19 [scalar] [in]
   - %u5 -> 20 [scat]
   - %r6 -> 21 [scalar]
   - %r7 -> 22
   - %p8 -> 11 "even" [in]
   - %u9 -> 24 [scat]
jit_run(): launching kernel (n=510, in=3, out=0, ops=10) ..
define void @enoki_@@@@@@@@@@@@@@@@(i64 %start, i64 %end, i8** %ptrs) #0 alignstack(32) {
entry:
    ; Prepare argument 0
    %a0_i = getelementptr inbounds i8*, i8** %ptrs, i32 0
    %a0_p = load i8*, i8** %a0_i, align 8, !alias.scope !1
    %a0 = bitcast i8* %a0_p to i8*

    ; Prepare argument 1
    %a1_i = getelementptr inbounds i8*, i8** %ptrs, i32 1
    %rd4 = load i8*, i8** %a1_i, align 8, !alias.scope !1

    ; Prepare argument 2
    %a2_i = getelementptr inbounds i8*, i8** %ptrs, i32 2
    %a2_p = load i8*, i8** %a2_i, align 8, !alias.scope !1
    %a2 = bitcast i8* %a2_p to i8*
    br label %loop

done:
    ret void

loop:
    %index = phi i64 [ %index_next, %loop ], [ %start, %entry ]

    ; Evaluate %r0: l2
    %r0_0 = trunc i64 %index to i32
    %r0_1 = insertelement <8 x i32> undef, i32 %r0_0, i32 0
    %r0_2 = shufflevector <8 x i32> %r0_1, <8 x i32> undef, <8 x i32> zeroinitializer
    %r0 = add <8 x i32> %r0_2, <i32 0, i32 1, i32 2, i32 3, i32 4, i32 5, i32 6, i32 7>

    ; Evaluate %r1
    %r1_0 = insertelement <8 x i32> undef, i32 2, i32 0
    %r1 = shufflevector <8 x i32> %r1_0, <8 x i32> undef, <8 x i32> zeroinitializer

    ; Evaluate %r2
    %r2 = mul <8 x i32> %r0, %r1

    ; Load %p3: odd
    %p3_i = getelementptr inbounds i8, i8* %a0, i64 %index
    %p3_p = bitcast i8* %p3_i to <8 x i8>*
    %p3_z = load <8 x i8>, <8 x i8>* %p3_p, align 8, !alias.scope !1
    %p3 = trunc <8 x i8> %p3_z to <8 x i1>

    ; Evaluate %u5
    %u5_0 = bitcast i8* %rd4 to i1*
    %u5_1 = getelementptr i1, i1* %u5_0, <8 x i32> %r2
    call void @llvm.masked.scatter.v8i1(<8 x i1> %p3, <8 x i1*> %u5_1, i32 8, <8 x i1> <i1 1, i1 1, i1 1, i1 1, i1 1, i1 1, i1 1, i1 1>)

    ; Evaluate %r6
    %r6_0 = insertelement <8 x i32> undef, i32 1, i32 0
    %r6 = shufflevector <8 x i32> %r6_0, <8 x i32> undef, <8 x i32> zeroinitializer

    ; Evaluate %r7
    %r7 = add <8 x i32> %r2, %r6

    ; Load %p8: even
    %p8_i = getelementptr inbounds i8, i8* %a2, i64 %index
    %p8_p = bitcast i8* %p8_i to <8 x i8>*
    %p8_z = load <8 x i8>, <8 x i8>* %p8_p, align 8, !alias.scope !1
    %p8 = trunc <8 x i8> %p8_z to <8 x i1>

    ; Evaluate %u9
    %u9_0 = bitcast i8* %rd4 to i1*
    %u9_1 = getelementptr i1, i1* %u9_0, <8 x i32> %r7
    call void @llvm.masked.scatter.v8i1(<8 x i1> %p8, <8 x i1*> %u9_1, i32 8, <8 x i1> <i1 1, i1 1, i1 1, i1 1, i1 1, i1 1, i1 1, i1 1>)

    %index_next = add i64 %index, 8
    %cond = icmp uge i64 %index_next, %end
    br i1 %cond, label %done, label %loop, !llvm.loop !2
}

define void @enoki_@@@@@@@@@@@@@@@@_scalar(i64 %start, i64 %end, i8** %ptrs) #0 {
entry:
    ; Prepare argument 0
    %a0_i = getelementptr inbounds i8*, i8** %ptrs, i32 0
    %a0_p = load i8*, i8** %a0_i, align 8, !alias.scope !1
    %a0 = bitcast i8* %a0_p to i8*

    ; Prepare argument 1
    %a1_i = getelementptr inbounds i8*, i8** %ptrs, i32 1
    %rd4 = load i8*, i8** %a1_i, align 8, !alias.scope !1

    ; Prepare argument 2
    %a2_i = getelementptr inbounds i8*, i8** %ptrs, i32 2
    %a2_p = load i8*, i8** %a2_i, align 8, !alias.scope !1
    %a2 = bitcast i8* %a2_p to i8*
    br label %loop

done:
    ret void

loop:
    %index = phi i64 [ %index_next, %loop ], [ %start, %entry ]

    ; Evaluate %r0: l2
    %r0_0 = trunc i64 %index to i32
    %r0_1 = insertelement <1 x i32> undef, i32 %r0_0, i32 0
    %r0_2 = shufflevector <1 x i32> %r0_1, <1 x i32> undef, <1 x i32> zeroinitializer
    %r0 = add <1 x i32> %r0_2, <i32 0>

    ; Evaluate %r1
    %r1_0 = insertelement <1 x i32> undef, i32 2, i32 0
    %r1 = shufflevector <1 x i32> %r1_0, <1 x i32> undef, <1 x i32> zeroinitializer

    ; Evaluate %r2
    %r2 = mul <1 x i32> %r0, %r1

    ; Load %p3: odd
    %p3_i = getelementptr inbounds i8, i8* %a0, i64 %index
    %p3_p = bitcast i8* %p3_i to <1 x i8>*
    %p3_z = load <1 x i8>, <1 x i8>* %p3_p, align 1, !alias.scope !1
    %p3 = trunc <1 x i8> %p3_z to <1 x i1>

    ; Evaluate %u5
    %u5_0 = bitcast i8* %rd4 to i1*
    %u5_1 = getelementptr i1, i1* %u5_0, <1 x i32> %r2
    call void @llvm.masked.scatter.v1i1(<1 x i1> %p3, <1 x i1*> %u5_1, i32 8, <1 x i1> <i1 1>)

    ; Evaluate %r6
    %r6_0 = insertelement <1 x i32> undef, i32 1, i32 0
    %r6 = shufflevector <1 x i32> %r6_0, <1 x i32> undef, <1 x i32> zeroinitializer

    ; Evaluate %r7
    %r7 = add <1 x i32> %r2, %r6

    ; Load %p8: even
    %p8_i = getelementptr inbounds i8, i8* %a2, i64 %index
    %p8_p = bitcast i8* %p8_i to <1 x i8>*
    %p8_z = load <1 x i8>, <1 x i8>* %p8_p, align 1, !alias.scope !1
    %p8 = trunc <1 x i8> %p8_z to <1 x i1>

    ; Evaluate %u9
    %u9_0 = bitcast i8* %rd4 to i1*
    %u9_1 = getelementptr i1, i1* %u9_0, <1 x i32> %r7
    call void @llvm.masked.scatter.v1i1(<1 x i1> %p8, <1 x i1*> %u9_1, i32 8, <1 x i1> <i1 1>)

    %index_next = add i64 %index, 1
    %cond = icmp uge i64 %index_next, %end
    br i1 %cond, label %done, label %loop, !llvm.loop !2
}

declare void @llvm.masked.scatter.v8i1(<8 x i1>, <8 x i1*>, i32, <8 x i1>)
declare void @llvm.masked.scatter.v1i1(<1 x i1>, <1 x i1*>, i32, <1 x i1>)

!0 = !{!0}
!1 = !{!1, !0}
!2 = !{!"llvm.loop.unroll.disable", !"llvm.loop.vectorize.enable", i1 0}

attributes #0 = { norecurse nounwind "target-cpu"="skylake" }
jit_run(): processing 63 packets and 6 scalar entries
jit_eval(): cleaning up..
jit_var_dec_ref_ext(20): 0
jit_var_free(20)
jit_var_dec_ref_int(19): 1
jit_var_dec_ref_int(15): 0
jit_var_dec_ref_int(17): 1
jit_var_dec_ref_ext(24): 0
jit_var_free(24)
jit_var_dec_ref_int(19): 0
jit_var_free(19)
jit_var_dec_ref_ext(5): 1
jit_var_dec_ref_int(11): 0
jit_var_dec_ref_int(22): 0
jit_var_free(22)
jit_var_dec_ref_int(17): 0
jit_var_free(17)
jit_var_dec_ref_int(6): 0
jit_var_dec_ref_int(16): 0
jit_var_free(16)
jit_var_dec_ref_int(21): 0
jit_var_free(21)
jit_eval(): done.
Mask: [1, 0, 1, 0, 1, .. 1012 skipped .., 0, 1, 0, 0, 1]
jit_var_dec_ref_ext(15): 0
jit_var_free(15)
jit_free(<@>, type=host-async, size=512)
jit_var_dec_ref_ext(11): 0
jit_var_free(11)
jit_free(<@>, type=host-async, size=512)
jit_var_dec_ref_ext(6): 0
jit_var_free(6)
jit_var_dec_ref_ext(5): 0
jit_var_free(5)
jit_free(<@>, type=host-async, size=1024)
jit_var_dec_ref_ext(1): 0
jit_var_free(1)
jit_shutdown(): releasing 1 stream ..
jit_free_flush(): scheduling 3 deallocations
jit_shutdown(): releasing 4 kernels ..
jit_malloc_trim(): freed
 - host-async memory: 2 KiB in 3 allocations
jit_shutdown(): done
