jit_device_set(device=0, stream=0): creating stream
jit_malloc(type=device, device=0, size=64): <@> (new allocation)
jit_malloc(type=host-pinned, size=64): <@> (new allocation)
jit_free(<@>, type=host-pinned, size=64)
jit_var_map(1): <@>, size=4, free=1
jit_var_inc_ref_ext(1): 1
jit_var_copy(1, size=4)
jit_var_inc_ref_int(1): 1
jit_trace_append(2 <- 1): popc.$b0 $r0, $r1
jit_var_inc_ref_ext(2): 1
jit_var_inc_ref_int(1): 2
jit_trace_append(3 <- 1): clz.$b0 $r0, $r1
jit_var_inc_ref_ext(3): 1
jit_var_inc_ref_int(1): 3
jit_trace_append(4 <- 1): brev.$b0 $r0, $r1$nclz.$b0 $r0, $r0
jit_var_inc_ref_ext(4): 1
orig : [0, 1, 1234, 4294967295]
jit_eval(): begin.
jit_assemble(size=4): register map:
   - %r4 -> 1 [in]
   - %r5 -> 2 [out]
jit_malloc(type=device, device=0, size=64): <@> (new allocation)
   - %r6 -> 3 [out]
jit_malloc(type=device, device=0, size=64): <@> (new allocation)
   - %r7 -> 4 [out]
jit_malloc(type=device, device=0, size=64): <@> (new allocation)
jit_run(): launching kernel (n=4, in=1, out=3, ops=8) ..
.version 6.3
.address_size 64
.entry enoki_@@@@@@@@@@@@@@@@(.param .u32 size,
                              .param .u64 arg0,
                              .param .u64 arg1,
                              .param .u64 arg2,
                              .param .u64 arg3) {
    .reg.b8 %b<8>;
    .reg.b16 %w<8>;
    .reg.b32 %r<8>;
    .reg.b64 %rd<8>;
    .reg.f32 %f<8>;
    .reg.f64 %d<8>;
    .reg.pred %p<8>;

    // Grid-stride loop setup
    mov.u32 %r0, %ctaid.x;
    mov.u32 %r1, %ntid.x;
    mov.u32 %r2, %tid.x;
    mad.lo.u32 %r0, %r0, %r1, %r2;
    ld.param.u32 %r2, [size];
    setp.ge.u32 %p0, %r0, %r2;
    @%p0 bra L0;

    mov.u32 %r3, %nctaid.x;
    mul.lo.u32 %r1, %r3, %r1;

L1: // Loop body

    // Load %r4
    ld.param.u64 %rd0, [arg0];
    mul.wide.u32 %rd1, %r0, 4;
    add.u64 %rd0, %rd0, %rd1;
    ld.global.cs.u32 %r4, [%rd0];

    // Evaluate %r5
    popc.b32 %r5, %r4;

    // Store %r5
    ld.param.u64 %rd0, [arg1];
    mul.wide.u32 %rd1, %r0, 4;
    add.u64 %rd0, %rd0, %rd1;
    st.global.cs.u32 [%rd0], %r5;

    // Evaluate %r6
    clz.b32 %r6, %r4;

    // Store %r6
    ld.param.u64 %rd0, [arg2];
    mul.wide.u32 %rd1, %r0, 4;
    add.u64 %rd0, %rd0, %rd1;
    st.global.cs.u32 [%rd0], %r6;

    // Evaluate %r7
    brev.b32 %r7, %r4;
    clz.b32 %r7, %r7;

    // Store %r7
    ld.param.u64 %rd0, [arg3];
    mul.wide.u32 %rd1, %r0, 4;
    add.u64 %rd0, %rd0, %rd1;
    st.global.cs.u32 [%rd0], %r7;

    add.u32 %r0, %r0, %r1;
    setp.ge.u32 %p0, %r0, %r2;
    @!%p0 bra L1;

L0:
    ret;
}
jit_eval(): cleaning up..
jit_var_dec_ref_int(1): 2
jit_var_dec_ref_int(1): 1
jit_var_dec_ref_int(1): 0
jit_free_flush(): scheduling 1 deallocation
jit_eval(): done.
pop  : [0, 1, 5, 32]
lz   : [32, 0, 1, 0]
tz   : [32, 31, 21, 0]
jit_var_dec_ref_ext(4): 0
jit_var_free(4)
jit_free(<@>, type=device, device=0, size=64)
jit_var_dec_ref_ext(3): 0
jit_var_free(3)
jit_free(<@>, type=device, device=0, size=64)
jit_var_dec_ref_ext(2): 0
jit_var_free(2)
jit_free(<@>, type=device, device=0, size=64)
jit_var_dec_ref_ext(1): 0
jit_var_free(1)
jit_free(<@>, type=device, device=0, size=64)
jit_shutdown(): destroying streams ..
jit_free_flush(): scheduling 4 deallocations
jit_malloc_trim(): freed
 - host-pinned memory: 64 B in 1 allocation
 - device memory: 256 B in 4 allocations
jit_shutdown(): done
