jit_malloc(type=device, device=0, size=64): <@> (new allocation)
jit_malloc(type=host-pinned, size=64): <@> (new allocation)
jit_free(<@>, type=host-pinned, size=64)
jit_var_map_mem(1): <@>, size=2, free=1
jit_var_inc_ref_ext(1): 1
jit_var_copy_mem(1, size=2)
jit_malloc(type=device, device=0, size=64): <@> (new allocation)
jit_malloc(type=host-pinned, size=64): <@> (new allocation)
jit_free(<@>, type=host-pinned, size=64)
jit_var_map_mem(2): <@>, size=2, free=1
jit_var_inc_ref_ext(2): 1
jit_var_copy_mem(2, size=2)
jit_var_new_literal(3): mov.$b0 $r0, 0x1
jit_var_inc_ref_ext(3): 1
jit_var_inc_ref_int(1): 1
jit_var_inc_ref_int(3): 1
jit_var_new(4 <- 1, 3): shr.$b0 $r0, $r1, $r2
jit_var_inc_ref_ext(4): 1
jit_var_dec_ref_ext(3): 0
jit_var_new_literal(3): mov.$b0 $r0, 0x1 (reused)
jit_var_inc_ref_ext(3): 1
jit_var_inc_ref_int(1): 2
jit_var_inc_ref_int(3): 2
jit_var_new(5 <- 1, 3): shl.$b0 $r0, $r1, $r2
jit_var_inc_ref_ext(5): 1
jit_var_dec_ref_ext(3): 0
jit_var_new_literal(3): mov.$b0 $r0, 0x1 (reused)
jit_var_inc_ref_ext(3): 1
jit_var_inc_ref_int(2): 1
jit_var_inc_ref_int(3): 3
jit_var_new(6 <- 2, 3): shr.$t0 $r0, $r1, $r2
jit_var_inc_ref_ext(6): 1
jit_var_dec_ref_ext(3): 0
jit_var_new_literal(3): mov.$b0 $r0, 0x1 (reused)
jit_var_inc_ref_ext(3): 1
jit_var_inc_ref_int(2): 2
jit_var_inc_ref_int(3): 4
jit_var_new(7 <- 2, 3): shl.$b0 $r0, $r1, $r2
jit_var_inc_ref_ext(7): 1
jit_var_dec_ref_ext(3): 0
jit_var_schedule(4)
jit_var_schedule(5)
jit_var_schedule(6)
jit_var_schedule(7)
jit_eval(): launching 1 kernel.
jit_assemble(size=2): register map:
   - %r4 -> 1 [in]
   - %r5 -> 3 [scalar]
   - %r6 -> 4 [out]
jit_malloc(type=device, device=0, size=64): <@> (new allocation)
   - %r7 -> 5 [out]
jit_malloc(type=device, device=0, size=64): <@> (new allocation)
   - %r8 -> 2 [in]
   - %r9 -> 6 [out]
jit_malloc(type=device, device=0, size=64): <@> (new allocation)
   - %r10 -> 7 [out]
jit_malloc(type=device, device=0, size=64): <@> (new allocation)
  -> launching <@> (n=2, in=2, out=4, ops=11):
.version 6.0
.target sm_50
.address_size 64

.entry enoki_<@>(.param .u32 size,
                              .param .u64 arg0,
                              .param .u64 arg1,
                              .param .u64 arg2,
                              .param .u64 arg3,
                              .param .u64 arg4,
                              .param .u64 arg5) {
    .reg.b8   %b <11>; .reg.b16 %w<11>; .reg.b32 %r<11>;
    .reg.b64  %rd<11>; .reg.f32 %f<11>; .reg.f64 %d<11>;
    .reg.pred %p <11>;

    mov.u32 %r0, %ctaid.x;
    mov.u32 %r1, %ntid.x;
    mov.u32 %r2, %tid.x;
    mad.lo.u32 %r0, %r0, %r1, %r2;
    ld.param.u32 %r2, [size];
    setp.ge.u32 %p0, %r0, %r2;
    @%p0 bra L0;

    mov.u32 %r3, %nctaid.x;
    mul.lo.u32 %r1, %r3, %r1;

L1: // Loop body

    // Load %r4
    ld.param.u64 %rd0, [arg0];
    mul.wide.u32 %rd1, %r0, 4;
    add.u64 %rd0, %rd0, %rd1;
    ld.global.cs.u32 %r4, [%rd0];

    // Evaluate %r5
    mov.b32 %r5, 0x1;

    // Evaluate %r6
    shr.b32 %r6, %r4, %r5;

    // Store %r6
    ld.param.u64 %rd0, [arg1];
    mul.wide.u32 %rd1, %r0, 4;
    add.u64 %rd0, %rd0, %rd1;
    st.global.cs.u32 [%rd0], %r6;

    // Evaluate %r7
    shl.b32 %r7, %r4, %r5;

    // Store %r7
    ld.param.u64 %rd0, [arg2];
    mul.wide.u32 %rd1, %r0, 4;
    add.u64 %rd0, %rd0, %rd1;
    st.global.cs.u32 [%rd0], %r7;

    // Load %r8
    ld.param.u64 %rd0, [arg3];
    mul.wide.u32 %rd1, %r0, 4;
    add.u64 %rd0, %rd0, %rd1;
    ld.global.cs.s32 %r8, [%rd0];

    // Evaluate %r9
    shr.s32 %r9, %r8, %r5;

    // Store %r9
    ld.param.u64 %rd0, [arg4];
    mul.wide.u32 %rd1, %r0, 4;
    add.u64 %rd0, %rd0, %rd1;
    st.global.cs.s32 [%rd0], %r9;

    // Evaluate %r10
    shl.b32 %r10, %r8, %r5;

    // Store %r10
    ld.param.u64 %rd0, [arg5];
    mul.wide.u32 %rd1, %r0, 4;
    add.u64 %rd0, %rd0, %rd1;
    st.global.cs.s32 [%rd0], %r10;

    add.u32 %r0, %r0, %r1;
    setp.ge.u32 %p0, %r0, %r2;
    @!%p0 bra L1;

L0:
    ret;
}
jit_eval(): cleaning up..
jit_var_dec_ref_int(1): 1
jit_var_dec_ref_int(3): 3
jit_var_dec_ref_int(1): 0
jit_var_dec_ref_int(3): 2
jit_var_dec_ref_int(2): 1
jit_var_dec_ref_int(3): 1
jit_var_dec_ref_int(2): 0
jit_var_dec_ref_int(3): 0
jit_var_free(3)
jit_free_flush(): scheduling 2 deallocations
jit_eval(): done.
xs1 : [617, 2147483031]
xs2 : [2468, 4294964828]
ys1 : [617, -617]
ys2 : [2468, -2468]
jit_var_dec_ref_ext(7): 0
jit_var_free(7)
jit_free(<@>, type=device, device=0, size=64)
jit_var_dec_ref_ext(6): 0
jit_var_free(6)
jit_free(<@>, type=device, device=0, size=64)
jit_var_dec_ref_ext(5): 0
jit_var_free(5)
jit_free(<@>, type=device, device=0, size=64)
jit_var_dec_ref_ext(4): 0
jit_var_free(4)
jit_free(<@>, type=device, device=0, size=64)
jit_var_dec_ref_ext(2): 0
jit_var_free(2)
jit_free(<@>, type=device, device=0, size=64)
jit_var_dec_ref_ext(1): 0
jit_var_free(1)
jit_free(<@>, type=device, device=0, size=64)
jit_shutdown(): releasing 1 thread state ..
jit_free_flush(): scheduling 6 deallocations
jit_shutdown(): releasing 1 kernel ..
jit_malloc_trim(): freed
 - host-pinned memory: 128 B in 2 allocations
 - device memory: 384 B in 6 allocations
jit_shutdown(): done
