jit_var_new_literal(1): mov.$b0 $r0, 0x1
jit_var_inc_ref_ext(1): 1
jit_var_new_literal(2): mov.$b0 $r0, 0x0
jit_var_inc_ref_ext(2): 1
jit_malloc(type=device, device=0, size=64): <@> (new allocation)
jit_malloc(type=host-pinned, size=64): <@> (new allocation)
jit_free(<@>, type=host-pinned, size=64)
jit_var_map_mem(3): <@>, size=2, free=1
jit_var_inc_ref_ext(3): 1
jit_var_copy_mem(3, size=2)
jit_var_inc_ref_ext(2): 2
jit_var_dec_ref_ext(2): 1
jit_var_inc_ref_ext(2): 2
jit_var_dec_ref_ext(2): 1
jit_var_inc_ref_ext(2): 2
jit_var_dec_ref_ext(2): 1
jit_var_inc_ref_ext(2): 2
jit_var_dec_ref_ext(2): 1
jit_var_inc_ref_ext(1): 2
jit_var_dec_ref_ext(1): 1
jit_var_inc_ref_ext(1): 2
jit_var_dec_ref_ext(1): 1
jit_var_inc_ref_ext(1): 2
jit_var_dec_ref_ext(1): 1
jit_var_inc_ref_ext(1): 2
jit_var_dec_ref_ext(1): 1
jit_var_inc_ref_ext(1): 2
jit_var_dec_ref_ext(1): 1
jit_var_inc_ref_ext(1): 2
jit_var_dec_ref_ext(1): 1
jit_var_inc_ref_ext(3): 2
jit_var_dec_ref_ext(3): 1
jit_var_inc_ref_ext(3): 2
jit_var_dec_ref_ext(3): 1
jit_malloc(type=device, device=0, size=64): <@> (new allocation)
jit_malloc(type=host-pinned, size=64): <@> (new allocation)
jit_free(<@>, type=host-pinned, size=64)
jit_var_map_mem(4): <@>, size=2, free=1
jit_var_inc_ref_ext(4): 1
jit_var_copy_mem(4, size=2)
jit_malloc(type=device, device=0, size=64): <@> (new allocation)
jit_malloc(type=host-pinned, size=64): <@> (new allocation)
jit_free(<@>, type=host-pinned, size=64)
jit_var_map_mem(5): <@>, size=2, free=1
jit_var_inc_ref_ext(5): 1
jit_var_copy_mem(5, size=2)
jit_var_inc_ref_ext(5): 2
jit_var_dec_ref_ext(5): 1
jit_var_inc_ref_ext(4): 2
jit_var_dec_ref_ext(4): 1
jit_var_dec_ref_ext(5): 0
jit_var_free(5)
jit_free(<@>, type=device, device=0, size=64)
jit_var_dec_ref_ext(4): 0
jit_var_free(4)
jit_free(<@>, type=device, device=0, size=64)
jit_var_dec_ref_ext(3): 0
jit_var_free(3)
jit_free(<@>, type=device, device=0, size=64)
jit_var_dec_ref_ext(2): 0
jit_var_free(2)
jit_var_dec_ref_ext(1): 0
jit_var_free(1)
jit_shutdown(): releasing 1 thread state ..
jit_free_flush(): scheduling 6 deallocations
jit_malloc_trim(): freed
 - host-pinned memory: 192 B in 3 allocations
 - device memory: 192 B in 3 allocations
jit_shutdown(): done
