jit_registry_put(<@>, domain="MyKey"): 1 (new)
jit_registry_put(<@>, domain="MyKey"): 2 (new)
jit_registry_put(<@>, domain="MyKey"): 3 (new)
jit_registry_put(<@>, domain="MyKey"): 4 (new)
jit_registry_put(<@>, domain="MyKey"): 5 (new)
jit_registry_put(<@>, domain="MyKey"): 6 (new)
jit_registry_put(<@>, domain="MyKey"): 7 (new)
jit_registry_put(<@>, domain="MyKey"): 8 (new)
jit_registry_put(<@>, domain="MyKey"): 9 (new)
jit_registry_put(<@>, domain="MyKey"): 10 (new)
jit_registry_put(<@>, domain="MyKey"): 11 (new)
jit_registry_put(<@>, domain="MyKey"): 12 (new)
jit_registry_put(<@>, domain="MyKey"): 13 (new)
jit_registry_put(<@>, domain="MyKey"): 14 (new)
jit_registry_put(<@>, domain="MyKey"): 15 (new)
jit_registry_put(<@>, domain="MyKey"): 16 (new)
jit_registry_put(<@>, domain="MyKey"): 17 (new)
jit_registry_put(<@>, domain="MyKey"): 18 (new)
jit_registry_put(<@>, domain="MyKey"): 19 (new)
jit_registry_put(<@>, domain="MyKey"): 20 (new)
jit_registry_put(<@>, domain="MyKey"): 21 (new)
jit_registry_put(<@>, domain="MyKey"): 22 (new)
jit_registry_put(<@>, domain="MyKey"): 23 (new)
jit_registry_put(<@>, domain="MyKey"): 24 (new)
jit_registry_put(<@>, domain="MyKey"): 25 (new)
jit_registry_put(<@>, domain="MyKey"): 26 (new)
jit_registry_put(<@>, domain="MyKey"): 27 (new)
jit_registry_put(<@>, domain="MyKey"): 28 (new)
jit_registry_put(<@>, domain="MyKey"): 29 (new)
jit_registry_put(<@>, domain="MyKey"): 30 (new)
jit_registry_put(<@>, domain="MyKey"): 31 (new)
jit_registry_put(<@>, domain="MyKey"): 32 (new)
jit_registry_put(<@>, domain="MyKey"): 33 (new)
jit_registry_put(<@>, domain="MyKey"): 34 (new)
jit_registry_put(<@>, domain="MyKey"): 35 (new)
jit_registry_set_attr(<@>, id=1, name="my_value", size=4)
jit_registry_set_attr(<@>, id=2, name="my_value", size=4)
jit_registry_set_attr(<@>, id=3, name="my_value", size=4)
jit_registry_set_attr(<@>, id=4, name="my_value", size=4)
jit_registry_set_attr(<@>, id=5, name="my_value", size=4)
jit_registry_set_attr(<@>, id=6, name="my_value", size=4)
jit_registry_set_attr(<@>, id=7, name="my_value", size=4)
jit_registry_set_attr(<@>, id=8, name="my_value", size=4)
jit_registry_set_attr(<@>, id=9, name="my_value", size=4)
jit_registry_set_attr(<@>, id=10, name="my_value", size=4)
jit_registry_set_attr(<@>, id=11, name="my_value", size=4)
jit_registry_set_attr(<@>, id=12, name="my_value", size=4)
jit_registry_set_attr(<@>, id=13, name="my_value", size=4)
jit_registry_set_attr(<@>, id=14, name="my_value", size=4)
jit_registry_set_attr(<@>, id=15, name="my_value", size=4)
jit_registry_set_attr(<@>, id=16, name="my_value", size=4)
jit_registry_set_attr(<@>, id=17, name="my_value", size=4)
jit_registry_set_attr(<@>, id=18, name="my_value", size=4)
jit_registry_set_attr(<@>, id=19, name="my_value", size=4)
jit_registry_set_attr(<@>, id=20, name="my_value", size=4)
jit_registry_set_attr(<@>, id=21, name="my_value", size=4)
jit_registry_set_attr(<@>, id=22, name="my_value", size=4)
jit_registry_set_attr(<@>, id=23, name="my_value", size=4)
jit_registry_set_attr(<@>, id=24, name="my_value", size=4)
jit_registry_set_attr(<@>, id=25, name="my_value", size=4)
jit_registry_set_attr(<@>, id=26, name="my_value", size=4)
jit_registry_set_attr(<@>, id=27, name="my_value", size=4)
jit_registry_set_attr(<@>, id=28, name="my_value", size=4)
jit_registry_set_attr(<@>, id=29, name="my_value", size=4)
jit_registry_set_attr(<@>, id=30, name="my_value", size=4)
jit_registry_set_attr(<@>, id=31, name="my_value", size=4)
jit_registry_set_attr(<@>, id=32, name="my_value", size=4)
jit_registry_set_attr(<@>, id=33, name="my_value", size=4)
jit_registry_set_attr(<@>, id=34, name="my_value", size=4)
jit_registry_set_attr(<@>, id=35, name="my_value", size=4)
jit_registry_set_attr(<@>, id=35, name="my_value", size=4)
jit_registry_set_attr(<@>, id=34, name="my_value", size=4)
jit_registry_set_attr(<@>, id=33, name="my_value", size=4)
jit_registry_set_attr(<@>, id=32, name="my_value", size=4)
jit_registry_set_attr(<@>, id=31, name="my_value", size=4)
jit_registry_set_attr(<@>, id=30, name="my_value", size=4)
jit_registry_set_attr(<@>, id=29, name="my_value", size=4)
jit_registry_set_attr(<@>, id=28, name="my_value", size=4)
jit_registry_set_attr(<@>, id=27, name="my_value", size=4)
jit_registry_set_attr(<@>, id=26, name="my_value", size=4)
jit_registry_set_attr(<@>, id=25, name="my_value", size=4)
jit_registry_set_attr(<@>, id=24, name="my_value", size=4)
jit_registry_set_attr(<@>, id=23, name="my_value", size=4)
jit_registry_set_attr(<@>, id=22, name="my_value", size=4)
jit_registry_set_attr(<@>, id=21, name="my_value", size=4)
jit_registry_set_attr(<@>, id=20, name="my_value", size=4)
jit_registry_set_attr(<@>, id=19, name="my_value", size=4)
jit_registry_set_attr(<@>, id=18, name="my_value", size=4)
jit_registry_set_attr(<@>, id=17, name="my_value", size=4)
jit_registry_set_attr(<@>, id=16, name="my_value", size=4)
jit_registry_set_attr(<@>, id=15, name="my_value", size=4)
jit_registry_set_attr(<@>, id=14, name="my_value", size=4)
jit_registry_set_attr(<@>, id=13, name="my_value", size=4)
jit_registry_set_attr(<@>, id=12, name="my_value", size=4)
jit_registry_set_attr(<@>, id=11, name="my_value", size=4)
jit_registry_set_attr(<@>, id=10, name="my_value", size=4)
jit_registry_set_attr(<@>, id=9, name="my_value", size=4)
jit_registry_set_attr(<@>, id=8, name="my_value", size=4)
jit_registry_set_attr(<@>, id=7, name="my_value", size=4)
jit_registry_set_attr(<@>, id=6, name="my_value", size=4)
jit_registry_set_attr(<@>, id=5, name="my_value", size=4)
jit_registry_set_attr(<@>, id=4, name="my_value", size=4)
jit_registry_set_attr(<@>, id=3, name="my_value", size=4)
jit_registry_set_attr(<@>, id=2, name="my_value", size=4)
jit_registry_set_attr(<@>, id=1, name="my_value", size=4)
jit_registry_remove(<@>)
jit_registry_remove(<@>)
jit_registry_remove(<@>)
jit_registry_remove(<@>)
jit_registry_remove(<@>)
jit_registry_remove(<@>)
jit_registry_remove(<@>)
jit_registry_remove(<@>)
jit_registry_remove(<@>)
jit_registry_remove(<@>)
jit_registry_remove(<@>)
jit_registry_remove(<@>)
jit_registry_remove(<@>)
jit_registry_remove(<@>)
jit_registry_remove(<@>)
jit_registry_remove(<@>)
jit_registry_remove(<@>)
jit_registry_remove(<@>)
jit_registry_remove(<@>)
jit_registry_remove(<@>)
jit_registry_remove(<@>)
jit_registry_remove(<@>)
jit_registry_remove(<@>)
jit_registry_remove(<@>)
jit_registry_remove(<@>)
jit_registry_remove(<@>)
jit_registry_trim(): removed 26 / 36 entries.
jit_registry_remove(<@>)
jit_registry_remove(<@>)
jit_registry_remove(<@>)
jit_registry_remove(<@>)
jit_registry_remove(<@>)
jit_registry_remove(<@>)
jit_registry_remove(<@>)
jit_registry_remove(<@>)
jit_registry_remove(<@>)
jit_registry_trim(): removed 10 / 10 entries.
jit_registry_trim(): removed 1 / 1 attributes.
jit_shutdown(): done
