value=[0] vs 0
jit_eval(): launching 1 kernel.
  -> launching <@> (n=1, in=0, out=4, ops=4):
jit_eval(): done.
value=[3] vs 3
jit_eval(): launching 1 kernel.
  -> launching <@> (n=1, in=0, out=10, ops=16):
jit_eval(): done.
value=[36] vs 36
jit_eval(): launching 1 kernel.
  -> launching <@> (n=1, in=0, out=28, ops=52):
jit_eval(): done.
value=[351] vs 351
jit_eval(): launching 1 kernel.
  -> launching <@> (n=1, in=0, out=82, ops=160):
jit_eval(): done.
value=[3240] vs 3240
jit_eval(): launching 1 kernel.
  -> launching <@> (n=1, in=0, out=244, ops=484):
jit_eval(): done.
value=[29403] vs 29403
jit_eval(): launching 1 kernel.
  -> launching <@> (n=1, in=0, out=730, ops=1456):
jit_eval(): done.
value=[265356] vs 265356
jit_free_flush(): scheduling 730 deallocations
jit_shutdown(): releasing 6 kernels ..
jit_shutdown(): releasing 1 thread state ..
jit_malloc_trim(): freed
 - host-async memory: 45.6 KiB in 730 allocations
jit_shutdown(): done
