jit_var_new_literal(1): mov.$b0 $r0, 0x0
jit_var_inc_ref_ext(1): 1
jit_var_new_literal(2): mov.$b0 $r0, 0x1
jit_var_inc_ref_ext(2): 1
jit_var_inc_ref_ext(2): 2
jit_var_inc_ref_ext(1): 2
jit_var_dec_ref_ext(1): 1
jit_var_dec_ref_ext(2): 1
jit_var_dec_ref_ext(2): 0
jit_var_free(2)
jit_var_dec_ref_ext(1): 0
jit_var_free(1)
jit_var_new_literal(3): mov.$b0 $r0, 0x0
jit_var_inc_ref_ext(3): 1
jit_var_new_literal(4): mov.$b0 $r0, 0x1
jit_var_inc_ref_ext(4): 1
jit_var_inc_ref_ext(4): 2
jit_var_inc_ref_ext(3): 2
jit_var_dec_ref_ext(3): 1
jit_var_dec_ref_ext(4): 1
jit_var_dec_ref_ext(4): 0
jit_var_free(4)
jit_var_dec_ref_ext(3): 0
jit_var_free(3)
jit_var_new_literal(5): mov.$b0 $r0, 0x0
jit_var_inc_ref_ext(5): 1
jit_var_new_literal(6): mov.$b0 $r0, 0x3f800000
jit_var_inc_ref_ext(6): 1
jit_var_inc_ref_ext(6): 2
jit_var_inc_ref_ext(5): 2
jit_var_dec_ref_ext(5): 1
jit_var_dec_ref_ext(6): 1
jit_var_dec_ref_ext(6): 0
jit_var_free(6)
jit_var_dec_ref_ext(5): 0
jit_var_free(5)
jit_var_new_literal(7): mov.$b0 $r0, 0x0
jit_var_inc_ref_ext(7): 1
jit_var_new_literal(8): mov.$b0 $r0, 0x3ff0000000000000
jit_var_inc_ref_ext(8): 1
jit_var_inc_ref_ext(8): 2
jit_var_inc_ref_ext(7): 2
jit_var_dec_ref_ext(7): 1
jit_var_dec_ref_ext(8): 1
jit_var_dec_ref_ext(8): 0
jit_var_free(8)
jit_var_dec_ref_ext(7): 0
jit_var_free(7)
jit_shutdown(): releasing 1 thread state ..
jit_shutdown(): done
