jit_set_device(device=-1, stream=0): creating stream
jit_eval(): launching 1 kernel.
  -> launching <@> (n=1, in=0, out=2, ops=2):
jit_eval(): done.
jit_eval(): launching 1 kernel.
  -> launching <@> (n=24, in=0, out=2, ops=2):
jit_eval(): done.
jit_eval(): launching 1 kernel.
  -> launching <@> (n=185, in=0, out=2, ops=2):
jit_eval(): done.
jit_eval(): launching 1 kernel.
  -> launching <@> (n=622, in=0, out=2, ops=2):
jit_eval(): done.
jit_eval(): launching 1 kernel.
  -> launching <@> (n=1473, in=0, out=2, ops=2):
jit_eval(): done.
jit_eval(): launching 1 kernel.
  -> launching <@> (n=2876, in=0, out=2, ops=2):
jit_eval(): done.
jit_eval(): launching 1 kernel.
  -> launching <@> (n=4969, in=0, out=2, ops=2):
jit_eval(): done.
jit_eval(): launching 1 kernel.
  -> launching <@> (n=7890, in=0, out=2, ops=2):
jit_eval(): done.
jit_eval(): launching 1 kernel.
  -> launching <@> (n=11777, in=0, out=2, ops=2):
jit_eval(): done.
jit_eval(): launching 1 kernel.
  -> launching <@> (n=16768, in=0, out=2, ops=2):
jit_eval(): done.
jit_eval(): launching 1 kernel.
  -> launching <@> (n=23001, in=0, out=2, ops=2):
jit_eval(): done.
jit_eval(): launching 1 kernel.
  -> launching <@> (n=30614, in=0, out=2, ops=2):
jit_eval(): done.
jit_eval(): launching 1 kernel.
  -> launching <@> (n=39745, in=0, out=2, ops=2):
jit_eval(): done.
jit_eval(): launching 1 kernel.
  -> launching <@> (n=50532, in=0, out=2, ops=2):
jit_eval(): done.
jit_eval(): launching 1 kernel.
  -> launching <@> (n=63113, in=0, out=2, ops=2):
jit_eval(): done.
jit_eval(): launching 1 kernel.
  -> launching <@> (n=77626, in=0, out=2, ops=2):
jit_eval(): done.
jit_eval(): launching 1 kernel.
  -> launching <@> (n=94209, in=0, out=2, ops=2):
jit_eval(): done.
jit_eval(): launching 1 kernel.
  -> launching <@> (n=113000, in=0, out=2, ops=2):
jit_eval(): done.
jit_eval(): launching 1 kernel.
  -> launching <@> (n=134137, in=0, out=2, ops=2):
jit_eval(): done.
jit_eval(): launching 1 kernel.
  -> launching <@> (n=157758, in=0, out=2, ops=2):
jit_eval(): done.
jit_eval(): launching 1 kernel.
  -> launching <@> (n=184001, in=0, out=2, ops=2):
jit_eval(): done.
jit_eval(): launching 1 kernel.
  -> launching <@> (n=213004, in=0, out=2, ops=2):
jit_eval(): done.
jit_eval(): launching 1 kernel.
  -> launching <@> (n=244905, in=0, out=2, ops=2):
jit_eval(): done.
jit_eval(): launching 1 kernel.
  -> launching <@> (n=279842, in=0, out=2, ops=2):
jit_eval(): done.
jit_eval(): launching 1 kernel.
  -> launching <@> (n=317953, in=0, out=2, ops=2):
jit_eval(): done.
jit_eval(): launching 1 kernel.
  -> launching <@> (n=359376, in=0, out=2, ops=2):
jit_eval(): done.
jit_eval(): launching 1 kernel.
  -> launching <@> (n=404249, in=0, out=2, ops=2):
jit_eval(): done.
jit_eval(): launching 1 kernel.
  -> launching <@> (n=452710, in=0, out=2, ops=2):
jit_eval(): done.
jit_eval(): launching 1 kernel.
  -> launching <@> (n=504897, in=0, out=2, ops=2):
jit_eval(): done.
jit_eval(): launching 1 kernel.
  -> launching <@> (n=560948, in=0, out=2, ops=2):
jit_eval(): done.
jit_eval(): launching 1 kernel.
  -> launching <@> (n=621001, in=0, out=2, ops=2):
jit_eval(): done.
jit_eval(): launching 1 kernel.
  -> launching <@> (n=685194, in=0, out=2, ops=2):
jit_eval(): done.
jit_eval(): launching 1 kernel.
  -> launching <@> (n=753665, in=0, out=2, ops=2):
jit_eval(): done.
jit_eval(): launching 1 kernel.
  -> launching <@> (n=826552, in=0, out=2, ops=2):
jit_eval(): done.
jit_eval(): launching 1 kernel.
  -> launching <@> (n=903993, in=0, out=2, ops=2):
jit_eval(): done.
jit_eval(): launching 1 kernel.
  -> launching <@> (n=986126, in=0, out=2, ops=2):
jit_eval(): done.
jit_eval(): launching 1 kernel.
  -> launching <@> (n=1073089, in=0, out=2, ops=2):
jit_eval(): done.
jit_eval(): launching 1 kernel.
  -> launching <@> (n=1165020, in=0, out=2, ops=2):
jit_eval(): done.
jit_eval(): launching 1 kernel.
  -> launching <@> (n=1262057, in=0, out=2, ops=2):
jit_eval(): done.
jit_eval(): launching 1 kernel.
  -> launching <@> (n=1364338, in=0, out=2, ops=2):
jit_eval(): done.
jit_eval(): launching 1 kernel.
  -> launching <@> (n=1472001, in=0, out=2, ops=2):
jit_eval(): done.
jit_eval(): launching 1 kernel.
  -> launching <@> (n=1585184, in=0, out=2, ops=2):
jit_eval(): done.
jit_eval(): launching 1 kernel.
  -> launching <@> (n=1704025, in=0, out=2, ops=2):
jit_eval(): done.
jit_eval(): launching 1 kernel.
  -> launching <@> (n=1828662, in=0, out=2, ops=2):
jit_eval(): done.
jit_eval(): launching 1 kernel.
  -> launching <@> (n=1959233, in=0, out=2, ops=2):
jit_eval(): done.
jit_eval(): launching 1 kernel.
  -> launching <@> (n=2095876, in=0, out=2, ops=2):
jit_eval(): done.
jit_eval(): launching 1 kernel.
  -> launching <@> (n=2238729, in=0, out=2, ops=2):
jit_eval(): done.
jit_eval(): launching 1 kernel.
  -> launching <@> (n=2387930, in=0, out=2, ops=2):
jit_eval(): done.
jit_eval(): launching 1 kernel.
  -> launching <@> (n=2543617, in=0, out=2, ops=2):
jit_eval(): done.
jit_eval(): launching 1 kernel.
  -> launching <@> (n=2705928, in=0, out=2, ops=2):
jit_eval(): done.
jit_eval(): launching 1 kernel.
  -> launching <@> (n=2875001, in=0, out=2, ops=2):
jit_eval(): done.
jit_eval(): launching 1 kernel.
  -> launching <@> (n=3050974, in=0, out=2, ops=2):
jit_eval(): done.
jit_eval(): launching 1 kernel.
  -> launching <@> (n=3233985, in=0, out=2, ops=2):
jit_eval(): done.
jit_eval(): launching 1 kernel.
  -> launching <@> (n=3424172, in=0, out=2, ops=2):
jit_eval(): done.
jit_eval(): launching 1 kernel.
  -> launching <@> (n=3621673, in=0, out=2, ops=2):
jit_eval(): done.
jit_eval(): launching 1 kernel.
  -> launching <@> (n=3826626, in=0, out=2, ops=2):
jit_eval(): done.
jit_eval(): launching 1 kernel.
  -> launching <@> (n=4039169, in=0, out=2, ops=2):
jit_eval(): done.
jit_eval(): launching 1 kernel.
  -> launching <@> (n=4259440, in=0, out=2, ops=2):
jit_eval(): done.
jit_eval(): launching 1 kernel.
  -> launching <@> (n=4487577, in=0, out=2, ops=2):
jit_eval(): done.
jit_eval(): launching 1 kernel.
  -> launching <@> (n=4723718, in=0, out=2, ops=2):
jit_eval(): done.
jit_eval(): launching 1 kernel.
  -> launching <@> (n=4968001, in=0, out=2, ops=2):
jit_eval(): done.
jit_eval(): launching 1 kernel.
  -> launching <@> (n=5220564, in=0, out=2, ops=2):
jit_eval(): done.
jit_eval(): launching 1 kernel.
  -> launching <@> (n=5481545, in=0, out=2, ops=2):
jit_eval(): done.
jit_eval(): launching 1 kernel.
  -> launching <@> (n=5751082, in=0, out=2, ops=2):
jit_eval(): done.
jit_eval(): launching 1 kernel.
  -> launching <@> (n=6029313, in=0, out=2, ops=2):
jit_eval(): done.
jit_eval(): launching 1 kernel.
  -> launching <@> (n=6316376, in=0, out=2, ops=2):
jit_eval(): done.
jit_eval(): launching 1 kernel.
  -> launching <@> (n=6612409, in=0, out=2, ops=2):
jit_eval(): done.
jit_eval(): launching 1 kernel.
  -> launching <@> (n=6917550, in=0, out=2, ops=2):
jit_eval(): done.
jit_eval(): launching 1 kernel.
  -> launching <@> (n=7231937, in=0, out=2, ops=2):
jit_eval(): done.
jit_eval(): launching 1 kernel.
  -> launching <@> (n=7555708, in=0, out=2, ops=2):
jit_eval(): done.
jit_eval(): launching 1 kernel.
  -> launching <@> (n=7889001, in=0, out=2, ops=2):
jit_eval(): done.
jit_eval(): launching 1 kernel.
  -> launching <@> (n=8231954, in=0, out=2, ops=2):
jit_eval(): done.
jit_eval(): launching 1 kernel.
  -> launching <@> (n=8584705, in=0, out=2, ops=2):
jit_eval(): done.
jit_eval(): launching 1 kernel.
  -> launching <@> (n=8947392, in=0, out=2, ops=2):
jit_eval(): done.
jit_eval(): launching 1 kernel.
  -> launching <@> (n=9320153, in=0, out=2, ops=2):
jit_eval(): done.
jit_eval(): launching 1 kernel.
  -> launching <@> (n=9703126, in=0, out=2, ops=2):
jit_eval(): done.
jit_eval(): launching 1 kernel.
  -> launching <@> (n=10096449, in=0, out=2, ops=2):
jit_eval(): done.
jit_eval(): launching 1 kernel.
  -> launching <@> (n=10500260, in=0, out=2, ops=2):
jit_eval(): done.
jit_eval(): launching 1 kernel.
  -> launching <@> (n=10914697, in=0, out=2, ops=2):
jit_eval(): done.
jit_eval(): launching 1 kernel.
  -> launching <@> (n=11339898, in=0, out=2, ops=2):
jit_eval(): done.
jit_eval(): launching 1 kernel.
  -> launching <@> (n=11776001, in=0, out=2, ops=2):
jit_eval(): done.
jit_eval(): launching 1 kernel.
  -> launching <@> (n=12223144, in=0, out=2, ops=2):
jit_eval(): done.
jit_eval(): launching 1 kernel.
  -> launching <@> (n=12681465, in=0, out=2, ops=2):
jit_eval(): done.
jit_eval(): launching 1 kernel.
  -> launching <@> (n=13151102, in=0, out=2, ops=2):
jit_eval(): done.
jit_eval(): launching 1 kernel.
  -> launching <@> (n=13632193, in=0, out=2, ops=2):
jit_eval(): done.
jit_eval(): launching 1 kernel.
  -> launching <@> (n=14124876, in=0, out=2, ops=2):
jit_eval(): done.
jit_eval(): launching 1 kernel.
  -> launching <@> (n=14629289, in=0, out=2, ops=2):
jit_eval(): done.
jit_eval(): launching 1 kernel.
  -> launching <@> (n=15145570, in=0, out=2, ops=2):
jit_eval(): done.
jit_eval(): launching 1 kernel.
  -> launching <@> (n=15673857, in=0, out=2, ops=2):
jit_eval(): done.
jit_eval(): launching 1 kernel.
  -> launching <@> (n=16214288, in=0, out=2, ops=2):
jit_eval(): done.
jit_eval(): launching 1 kernel.
  -> launching <@> (n=16767001, in=0, out=2, ops=2):
jit_eval(): done.
jit_eval(): launching 1 kernel.
  -> launching <@> (n=17332134, in=0, out=2, ops=2):
jit_eval(): done.
jit_eval(): launching 1 kernel.
  -> launching <@> (n=17909825, in=0, out=2, ops=2):
jit_eval(): done.
jit_eval(): launching 1 kernel.
  -> launching <@> (n=18500212, in=0, out=2, ops=2):
jit_eval(): done.
jit_eval(): launching 1 kernel.
  -> launching <@> (n=19103433, in=0, out=2, ops=2):
jit_eval(): done.
jit_eval(): launching 1 kernel.
  -> launching <@> (n=19719626, in=0, out=2, ops=2):
jit_eval(): done.
jit_eval(): launching 1 kernel.
  -> launching <@> (n=20348929, in=0, out=2, ops=2):
jit_eval(): done.
jit_eval(): launching 1 kernel.
  -> launching <@> (n=20991480, in=0, out=2, ops=2):
jit_eval(): done.
jit_eval(): launching 1 kernel.
  -> launching <@> (n=21647417, in=0, out=2, ops=2):
jit_eval(): done.
jit_eval(): launching 1 kernel.
  -> launching <@> (n=22316878, in=0, out=2, ops=2):
jit_eval(): done.
jit_shutdown(): releasing 2 streams ..
jit_set_device(device=0, stream=0): selecting stream
jit_set_device(device=-1, stream=0): selecting stream
jit_free_flush(): scheduling 3 deallocations
jit_shutdown(): releasing 2 kernels ..
jit_malloc_trim(): freed
 - host-async memory: 128 MiB in 38 allocations
jit_shutdown(): done
